../LibWIFI/Src/es_wifi.c:102:17:Hex2Num	16	static
../LibWIFI/Src/es_wifi.c:121:17:ParseHexNumber	24	static
../LibWIFI/Src/es_wifi.c:145:16:ParseNumber	24	static
../LibWIFI/Src/es_wifi.c:175:13:ParseMAC	24	static
../LibWIFI/Src/es_wifi.c:195:14:ParseIP	24	static
../LibWIFI/Src/es_wifi.c:214:31:ParseSecurity	16	static
../LibWIFI/Src/es_wifi.c:231:13:AT_ParseInfo	24	static
../LibWIFI/Src/es_wifi.c:281:13:AT_ParseAP	32	static
../LibWIFI/Src/es_wifi.c:327:17:ArrayTo32bit	16	static
../LibWIFI/Src/es_wifi.c:338:13:AT_ParseFWRev	24	static
../LibWIFI/Src/es_wifi.c:371:13:AT_ParseSingleAP	24	static
../LibWIFI/Src/es_wifi.c:469:13:AT_ParseSystemConfig	24	static
../LibWIFI/Src/es_wifi.c:536:13:AT_ParseConnSettings	24	static
../LibWIFI/Src/es_wifi.c:611:13:AT_ParseTransportSettings	24	static
../LibWIFI/Src/es_wifi.c:678:13:AT_ParseIsConnected	16	static
../LibWIFI/Src/es_wifi.c:689:13:AT_ParsePing	40	static
../LibWIFI/Src/es_wifi.c:718:25:AT_ExecuteCommand	40	static
../LibWIFI/Src/es_wifi.c:768:25:AT_RequestSendData	32	static
../LibWIFI/Src/es_wifi.c:831:25:AT_RequestReceiveData	40	static
../LibWIFI/Src/es_wifi.c:888:19:ES_WIFI_Init	24	static
../LibWIFI/Src/es_wifi.c:915:19:ES_WIFI_GetProductID	16	static
../LibWIFI/Src/es_wifi.c:927:19:ES_WIFI_GetFWRevID	16	static
../LibWIFI/Src/es_wifi.c:939:19:ES_WIFI_GetProductName	16	static
../LibWIFI/Src/es_wifi.c:951:19:ES_WIFI_GetAPIRev	16	static
../LibWIFI/Src/es_wifi.c:963:19:ES_WIFI_GetStackRev	16	static
../LibWIFI/Src/es_wifi.c:975:19:ES_WIFI_GetRTOSRev	16	static
../LibWIFI/Src/es_wifi.c:987:19:ES_WIFI_RegisterBusIO	24	static
../LibWIFI/Src/es_wifi.c:1013:19:ES_WIFI_SetTimeout	16	static
../LibWIFI/Src/es_wifi.c:1025:19:ES_WIFI_ListAccessPoints	40	static
../LibWIFI/Src/es_wifi.c:1107:18:ES_WIFI_Connect	32	static
../LibWIFI/Src/es_wifi.c:1146:9:ES_WIFI_IsConnected	24	static
../LibWIFI/Src/es_wifi.c:1165:18:ES_WIFI_Disconnect	24	static
../LibWIFI/Src/es_wifi.c:1180:18:ES_WIFI_GetNetworkSettings	24	static
../LibWIFI/Src/es_wifi.c:1205:18:ES_WIFI_ActivateAP	24	static
../LibWIFI/Src/es_wifi.c:1259:19:ES_WIFI_WaitAPStateChange	24	static
../LibWIFI/Src/es_wifi.c:1327:18:ES_WIFI_GetMACAddress	24	static
../LibWIFI/Src/es_wifi.c:1350:18:ES_WIFI_GetIPAddress	16	static
../LibWIFI/Src/es_wifi.c:1362:18:ES_WIFI_SetMACAddress	56	static
../LibWIFI/Src/es_wifi.c:1383:18:ES_WIFI_ResetToFactoryDefault	24	static
../LibWIFI/Src/es_wifi.c:1398:18:ES_WIFI_ResetModule	32	static
../LibWIFI/Src/es_wifi.c:1422:18:ES_WIFI_HardResetModule	24	static
../LibWIFI/Src/es_wifi.c:1437:18:ES_WIFI_SetProductName	24	static
../LibWIFI/Src/es_wifi.c:1522:18:ES_WIFI_GetSystemConfig	24	static
../LibWIFI/Src/es_wifi.c:1544:18:ES_WIFI_Ping	48	static
../LibWIFI/Src/es_wifi.c:1587:18:ES_WIFI_DNS_LookUp	32	static
../LibWIFI/Src/es_wifi.c:1612:18:ES_WIFI_StartClientConnection	40	static
../LibWIFI/Src/es_wifi.c:1670:18:ES_WIFI_StopClientConnection	24	static
../LibWIFI/Src/es_wifi.c:1758:18:ES_WIFI_StartServerSingleConn	24	static
../LibWIFI/Src/es_wifi.c:1824:19:ES_WIFI_WaitServerConnection	48	static
../LibWIFI/Src/es_wifi.c:1912:18:ES_WIFI_CloseServerConnection	24	static
../LibWIFI/Src/es_wifi.c:1943:18:ES_WIFI_StopServerSingleConn	24	static
../LibWIFI/Src/es_wifi.c:1976:18:ES_WIFI_StartServerMultiConn	24	static
../LibWIFI/Src/es_wifi.c:2037:18:ES_WIFI_StopServerMultiConn	24	static
../LibWIFI/Src/es_wifi.c:2105:18:ES_WIFI_SendData	40	static
../LibWIFI/Src/es_wifi.c:2167:19:ES_WIFI_SendDataTo	56	static
../LibWIFI/Src/es_wifi.c:2265:18:ES_WIFI_ReceiveData	40	static
../LibWIFI/Src/es_wifi.c:2326:19:ES_WIFI_ReceiveDataFrom	64	static
../LibWIFI/Src/es_wifi.c:2417:19:ES_WIFI_StoreCreds	40	static
../LibWIFI/Src/es_wifi.c:2455:19:ES_WIFI_StoreCA	40	static
../LibWIFI/Src/es_wifi.c:2479:19:ES_WIFI_StoreCertificate	40	static
../LibWIFI/Src/es_wifi.c:2503:19:ES_WIFI_StoreKey	40	static
