../LibWIFI/Src/wifi.c:32:15:WIFI_Init	24	static
../LibWIFI/Src/wifi.c:57:15:WIFI_ListAccessPoints	464	static
../LibWIFI/Src/wifi.c:93:15:WIFI_Connect	32	static
../LibWIFI/Src/wifi.c:114:15:WIFI_GetMAC_Address	24	static
../LibWIFI/Src/wifi.c:129:15:WIFI_GetIP_Address	24	static
../LibWIFI/Src/wifi.c:146:15:WIFI_Disconnect	16	static
../LibWIFI/Src/wifi.c:167:15:WIFI_ConfigureAP	96	static
../LibWIFI/Src/wifi.c:190:15:WIFI_HandleAPEvents	24	static
../LibWIFI/Src/wifi.c:227:15:WIFI_Ping	40	static
../LibWIFI/Src/wifi.c:244:15:WIFI_GetHostAddress	24	static
../LibWIFI/Src/wifi.c:264:15:WIFI_OpenClientConnection	48	static
../LibWIFI/Src/wifi.c:288:15:WIFI_CloseClientConnection	40	static
../LibWIFI/Src/wifi.c:308:15:WIFI_StartServer	48	static
../LibWIFI/Src/wifi.c:328:15:WIFI_WaitServerConnection	48	static
../LibWIFI/Src/wifi.c:364:15:WIFI_CloseServerConnection	24	static
../LibWIFI/Src/wifi.c:379:15:WIFI_StopServer	24	static
../LibWIFI/Src/wifi.c:398:15:WIFI_SendData	40	static
../LibWIFI/Src/wifi.c:420:15:WIFI_SendDataTo	48	static
../LibWIFI/Src/wifi.c:440:15:WIFI_ReceiveData	40	static
../LibWIFI/Src/wifi.c:461:15:WIFI_ReceiveDataFrom	48	static
../LibWIFI/Src/wifi.c:478:15:WIFI_SetOEMProperties	24	static
../LibWIFI/Src/wifi.c:496:15:WIFI_ResetModule	16	static
../LibWIFI/Src/wifi.c:511:15:WIFI_SetModuleDefault	16	static
../LibWIFI/Src/wifi.c:528:15:WIFI_ModuleFirmwareUpdate	16	static
../LibWIFI/Src/wifi.c:538:15:WIFI_GetModuleFwRevision	24	static
../LibWIFI/Src/wifi.c:555:15:WIFI_GetModuleID	24	static
../LibWIFI/Src/wifi.c:572:15:WIFI_GetModuleName	24	static
