Archive member included to satisfy reference by file (symbol)

c:/st/stm32cubeide_1.11.2/stm32cubeide/plugins/com.st.stm32cube.ide.mcu.externaltools.gnu-tools-for-stm32.10.3-2021.10.win32_1.0.100.202210260954/tools/bin/../lib/gcc/arm-none-eabi/10.3.1/../../../../arm-none-eabi/lib/thumb/v7e-m+fp/hard\libc_nano.a(lib_a-errno.o)
                              ./Core/Src/syscalls.o (__errno)
c:/st/stm32cubeide_1.11.2/stm32cubeide/plugins/com.st.stm32cube.ide.mcu.externaltools.gnu-tools-for-stm32.10.3-2021.10.win32_1.0.100.202210260954/tools/bin/../lib/gcc/arm-none-eabi/10.3.1/../../../../arm-none-eabi/lib/thumb/v7e-m+fp/hard\libc_nano.a(lib_a-exit.o)
                              c:/st/stm32cubeide_1.11.2/stm32cubeide/plugins/com.st.stm32cube.ide.mcu.externaltools.gnu-tools-for-stm32.10.3-2021.10.win32_1.0.100.202210260954/tools/bin/../lib/gcc/arm-none-eabi/10.3.1/../../../../arm-none-eabi/lib/thumb/v7e-m+fp/hard/crt0.o (exit)
c:/st/stm32cubeide_1.11.2/stm32cubeide/plugins/com.st.stm32cube.ide.mcu.externaltools.gnu-tools-for-stm32.10.3-2021.10.win32_1.0.100.202210260954/tools/bin/../lib/gcc/arm-none-eabi/10.3.1/../../../../arm-none-eabi/lib/thumb/v7e-m+fp/hard\libc_nano.a(lib_a-impure.o)
                              c:/st/stm32cubeide_1.11.2/stm32cubeide/plugins/com.st.stm32cube.ide.mcu.externaltools.gnu-tools-for-stm32.10.3-2021.10.win32_1.0.100.202210260954/tools/bin/../lib/gcc/arm-none-eabi/10.3.1/../../../../arm-none-eabi/lib/thumb/v7e-m+fp/hard\libc_nano.a(lib_a-exit.o) (_global_impure_ptr)
c:/st/stm32cubeide_1.11.2/stm32cubeide/plugins/com.st.stm32cube.ide.mcu.externaltools.gnu-tools-for-stm32.10.3-2021.10.win32_1.0.100.202210260954/tools/bin/../lib/gcc/arm-none-eabi/10.3.1/../../../../arm-none-eabi/lib/thumb/v7e-m+fp/hard\libc_nano.a(lib_a-init.o)
                              c:/st/stm32cubeide_1.11.2/stm32cubeide/plugins/com.st.stm32cube.ide.mcu.externaltools.gnu-tools-for-stm32.10.3-2021.10.win32_1.0.100.202210260954/tools/bin/../lib/gcc/arm-none-eabi/10.3.1/../../../../arm-none-eabi/lib/thumb/v7e-m+fp/hard/crt0.o (__libc_init_array)
c:/st/stm32cubeide_1.11.2/stm32cubeide/plugins/com.st.stm32cube.ide.mcu.externaltools.gnu-tools-for-stm32.10.3-2021.10.win32_1.0.100.202210260954/tools/bin/../lib/gcc/arm-none-eabi/10.3.1/../../../../arm-none-eabi/lib/thumb/v7e-m+fp/hard\libc_nano.a(lib_a-memcmp.o)
                              ./LibWIFI/Src/es_wifi.o (memcmp)
c:/st/stm32cubeide_1.11.2/stm32cubeide/plugins/com.st.stm32cube.ide.mcu.externaltools.gnu-tools-for-stm32.10.3-2021.10.win32_1.0.100.202210260954/tools/bin/../lib/gcc/arm-none-eabi/10.3.1/../../../../arm-none-eabi/lib/thumb/v7e-m+fp/hard\libc_nano.a(lib_a-memcpy-stub.o)
                              ./LibWIFI/Src/es_wifi.o (memcpy)
c:/st/stm32cubeide_1.11.2/stm32cubeide/plugins/com.st.stm32cube.ide.mcu.externaltools.gnu-tools-for-stm32.10.3-2021.10.win32_1.0.100.202210260954/tools/bin/../lib/gcc/arm-none-eabi/10.3.1/../../../../arm-none-eabi/lib/thumb/v7e-m+fp/hard\libc_nano.a(lib_a-memset.o)
                              c:/st/stm32cubeide_1.11.2/stm32cubeide/plugins/com.st.stm32cube.ide.mcu.externaltools.gnu-tools-for-stm32.10.3-2021.10.win32_1.0.100.202210260954/tools/bin/../lib/gcc/arm-none-eabi/10.3.1/../../../../arm-none-eabi/lib/thumb/v7e-m+fp/hard/crt0.o (memset)
c:/st/stm32cubeide_1.11.2/stm32cubeide/plugins/com.st.stm32cube.ide.mcu.externaltools.gnu-tools-for-stm32.10.3-2021.10.win32_1.0.100.202210260954/tools/bin/../lib/gcc/arm-none-eabi/10.3.1/../../../../arm-none-eabi/lib/thumb/v7e-m+fp/hard\libc_nano.a(lib_a-printf.o)
                              ./Core/Src/web_server.o (printf)
c:/st/stm32cubeide_1.11.2/stm32cubeide/plugins/com.st.stm32cube.ide.mcu.externaltools.gnu-tools-for-stm32.10.3-2021.10.win32_1.0.100.202210260954/tools/bin/../lib/gcc/arm-none-eabi/10.3.1/../../../../arm-none-eabi/lib/thumb/v7e-m+fp/hard\libc_nano.a(lib_a-puts.o)
                              ./Core/Src/web_server.o (puts)
c:/st/stm32cubeide_1.11.2/stm32cubeide/plugins/com.st.stm32cube.ide.mcu.externaltools.gnu-tools-for-stm32.10.3-2021.10.win32_1.0.100.202210260954/tools/bin/../lib/gcc/arm-none-eabi/10.3.1/../../../../arm-none-eabi/lib/thumb/v7e-m+fp/hard\libc_nano.a(lib_a-sprintf.o)
                              ./Core/Src/web_server.o (sprintf)
c:/st/stm32cubeide_1.11.2/stm32cubeide/plugins/com.st.stm32cube.ide.mcu.externaltools.gnu-tools-for-stm32.10.3-2021.10.win32_1.0.100.202210260954/tools/bin/../lib/gcc/arm-none-eabi/10.3.1/../../../../arm-none-eabi/lib/thumb/v7e-m+fp/hard\libc_nano.a(lib_a-strlen.o)
                              ./Core/Src/web_server.o (strlen)
c:/st/stm32cubeide_1.11.2/stm32cubeide/plugins/com.st.stm32cube.ide.mcu.externaltools.gnu-tools-for-stm32.10.3-2021.10.win32_1.0.100.202210260954/tools/bin/../lib/gcc/arm-none-eabi/10.3.1/../../../../arm-none-eabi/lib/thumb/v7e-m+fp/hard\libc_nano.a(lib_a-strncmp.o)
                              ./LibWIFI/Src/es_wifi.o (strncmp)
[...]
Memory Configuration

Name             Origin             Length             Attributes
RAM              0x0000000020000000 0x0000000000018000 xrw
RAM2             0x0000000010000000 0x0000000000008000 xrw
FLASH            0x0000000008000000 0x0000000000100000 xr
*default*        0x0000000000000000 0xffffffffffffffff

Linker script and memory map

LOAD c:/st/stm32cubeide_1.11.2/stm32cubeide/plugins/com.st.stm32cube.ide.mcu.externaltools.gnu-tools-for-stm32.10.3-2021.10.win32_1.0.100.202210260954/tools/bin/../lib/gcc/arm-none-eabi/10.3.1/thumb/v7e-m+fp/hard/crti.o
LOAD c:/st/stm32cubeide_1.11.2/stm32cubeide/plugins/com.st.stm32cube.ide.mcu.externaltools.gnu-tools-for-stm32.10.3-2021.10.win32_1.0.100.202210260954/tools/bin/../lib/gcc/arm-none-eabi/10.3.1/thumb/v7e-m+fp/hard/crtbegin.o
LOAD c:/st/stm32cubeide_1.11.2/stm32cubeide/plugins/com.st.stm32cube.ide.mcu.externaltools.gnu-tools-for-stm32.10.3-2021.10.win32_1.0.100.202210260954/tools/bin/../lib/gcc/arm-none-eabi/10.3.1/../../../../arm-none-eabi/lib/thumb/v7e-m+fp/hard/crt0.o
LOAD ./Core/Src/IMUS.o
LOAD ./Core/Src/Tareas.o
LOAD ./Core/Src/freertos.o
LOAD ./Core/Src/main.o
LOAD ./Core/Src/stm32l4xx_hal_msp.o
LOAD ./Core/Src/stm32l4xx_it.o
LOAD ./Core/Src/syscalls.o
LOAD ./Core/Src/sysmem.o
LOAD ./Core/Src/system_stm32l4xx.o
LOAD ./Core/Src/web_server.o
LOAD ./Core/Startup/startup_stm32l475vgtx.o
LOAD ./Drivers/STM32L4xx_HAL_Driver/Src/stm32l4xx_hal.o
LOAD ./Drivers/STM32L4xx_HAL_Driver/Src/stm32l4xx_hal_adc.o
LOAD ./Drivers/STM32L4xx_HAL_Driver/Src/stm32l4xx_hal_adc_ex.o
LOAD ./Drivers/STM32L4xx_HAL_Driver/Src/stm32l4xx_hal_cortex.o
LOAD ./Drivers/STM32L4xx_HAL_Driver/Src/stm32l4xx_hal_dfsdm.o
LOAD ./Drivers/STM32L4xx_HAL_Driver/Src/stm32l4xx_hal_dma.o
LOAD ./Drivers/STM32L4xx_HAL_Driver/Src/stm32l4xx_hal_dma_ex.o
LOAD ./Drivers/STM32L4xx_HAL_Driver/Src/stm32l4xx_hal_exti.o
LOAD ./Drivers/STM32L4xx_HAL_Driver/Src/stm32l4xx_hal_flash.o
LOAD ./Drivers/STM32L4xx_HAL_Driver/Src/stm32l4xx_hal_flash_ex.o
LOAD ./Drivers/STM32L4xx_HAL_Driver/Src/stm32l4xx_hal_flash_ramfunc.o
LOAD ./Drivers/STM32L4xx_HAL_Driver/Src/stm32l4xx_hal_gpio.o
LOAD ./Drivers/STM32L4xx_HAL_Driver/Src/stm32l4xx_hal_i2c.o
LOAD ./Drivers/STM32L4xx_HAL_Driver/Src/stm32l4xx_hal_i2c_ex.o
LOAD ./Drivers/STM32L4xx_HAL_Driver/Src/stm32l4xx_hal_pcd.o
LOAD ./Drivers/STM32L4xx_HAL_Driver/Src/stm32l4xx_hal_pcd_ex.o
LOAD ./Drivers/STM32L4xx_HAL_Driver/Src/stm32l4xx_hal_pwr.o
LOAD ./Drivers/STM32L4xx_HAL_Driver/Src/stm32l4xx_hal_pwr_ex.o
LOAD ./Drivers/STM32L4xx_HAL_Driver/Src/stm32l4xx_hal_qspi.o
LOAD ./Drivers/STM32L4xx_HAL_Driver/Src/stm32l4xx_hal_rcc.o
LOAD ./Drivers/STM32L4xx_HAL_Driver/Src/stm32l4xx_hal_rcc_ex.o
LOAD ./Drivers/STM32L4xx_HAL_Driver/Src/stm32l4xx_hal_spi.o
LOAD ./Drivers/STM32L4xx_HAL_Driver/Src/stm32l4xx_hal_spi_ex.o
LOAD ./Drivers/STM32L4xx_HAL_Driver/Src/stm32l4xx_hal_tim.o
LOAD ./Drivers/STM32L4xx_HAL_Driver/Src/stm32l4xx_hal_tim_ex.o
LOAD ./Drivers/STM32L4xx_HAL_Driver/Src/stm32l4xx_hal_uart.o
LOAD ./Drivers/STM32L4xx_HAL_Driver/Src/stm32l4xx_hal_uart_ex.o
LOAD ./Drivers/STM32L4xx_HAL_Driver/Src/stm32l4xx_ll_usb.o
LOAD ./LibWIFI/Src/es_wifi.o
LOAD ./LibWIFI/Src/es_wifi_io.o
LOAD ./LibWIFI/Src/wifi.o
LOAD ./Middlewares/Third_Party/FreeRTOS/Source/CMSIS_RTOS_V2/cmsis_os2.o
LOAD ./Middlewares/Third_Party/FreeRTOS/Source/croutine.o
LOAD ./Middlewares/Third_Party/FreeRTOS/Source/event_groups.o
LOAD ./Middlewares/Third_Party/FreeRTOS/Source/list.o
LOAD ./Middlewares/Third_Party/FreeRTOS/Source/queue.o
LOAD ./Middlewares/Third_Party/FreeRTOS/Source/stream_buffer.o
LOAD ./Middlewares/Third_Party/FreeRTOS/Source/tasks.o
LOAD ./Middlewares/Third_Party/FreeRTOS/Source/timers.o
LOAD ./Middlewares/Third_Party/FreeRTOS/Source/portable/GCC/ARM_CM4F/port.o
LOAD ./Middlewares/Third_Party/FreeRTOS/Source/portable/MemMang/heap_4.o
START GROUP
LOAD c:/st/stm32cubeide_1.11.2/stm32cubeide/plugins/com.st.stm32cube.ide.mcu.externaltools.gnu-tools-for-stm32.10.3-2021.10.win32_1.0.100.202210260954/tools/bin/../lib/gcc/arm-none-eabi/10.3.1/../../../../arm-none-eabi/lib/thumb/v7e-m+fp/hard\libc_nano.a
LOAD c:/st/stm32cubeide_1.11.2/stm32cubeide/plugins/com.st.stm32cube.ide.mcu.externaltools.gnu-tools-for-stm32.10.3-2021.10.win32_1.0.100.202210260954/tools/bin/../lib/gcc/arm-none-eabi/10.3.1/../../../../arm-none-eabi/lib/thumb/v7e-m+fp/hard\libm.a
END GROUP
START GROUP
LOAD c:/st/stm32cubeide_1.11.2/stm32cubeide/plugins/com.st.stm32cube.ide.mcu.externaltools.gnu-tools-for-stm32.10.3-2021.10.win32_1.0.100.202210260954/tools/bin/../lib/gcc/arm-none-eabi/10.3.1/thumb/v7e-m+fp/hard\libgcc.a
LOAD c:/st/stm32cubeide_1.11.2/stm32cubeide/plugins/com.st.stm32cube.ide.mcu.externaltools.gnu-tools-for-stm32.10.3-2021.10.win32_1.0.100.202210260954/tools/bin/../lib/gcc/arm-none-eabi/10.3.1/../../../../arm-none-eabi/lib/thumb/v7e-m+fp/hard\libc_nano.a
END GROUP
START GROUP
LOAD c:/st/stm32cubeide_1.11.2/stm32cubeide/plugins/com.st.stm32cube.ide.mcu.externaltools.gnu-tools-for-stm32.10.3-2021.10.win32_1.0.100.202210260954/tools/bin/../lib/gcc/arm-none-eabi/10.3.1/thumb/v7e-m+fp/hard\libgcc.a
LOAD c:/st/stm32cubeide_1.11.2/stm32cubeide/plugins/com.st.stm32cube.ide.mcu.externaltools.gnu-tools-for-stm32.10.3-2021.10.win32_1.0.100.202210260954/tools/bin/../lib/gcc/arm-none-eabi/10.3.1/../../../../arm-none-eabi/lib/thumb/v7e-m+fp/hard\libc_nano.a
LOAD c:/st/stm32cubeide_1.11.2/stm32cubeide/plugins/com.st.stm32cube.ide.mcu.externaltools.gnu-tools-for-stm32.10.3-2021.10.win32_1.0.100.202210260954/tools/bin/../lib/gcc/arm-none-eabi/10.3.1/../../../../arm-none-eabi/lib/thumb/v7e-m+fp/hard\libnosys.a
END GROUP
START GROUP
LOAD c:/st/stm32cubeide_1.11.2/stm32cubeide/plugins/com.st.stm32cube.ide.mcu.externaltools.gnu-tools-for-stm32.10.3-2021.10.win32_1.0.100.202210260954/tools/bin/../lib/gcc/arm-none-eabi/10.3.1/thumb/v7e-m+fp/hard\libgcc.a
LOAD c:/st/stm32cubeide_1.11.2/stm32cubeide/plugins/com.st.stm32cube.ide.mcu.externaltools.gnu-tools-for-stm32.10.3-2021.10.win32_1.0.100.202210260954/tools/bin/../lib/gcc/arm-none-eabi/10.3.1/../../../../arm-none-eabi/lib/thumb/v7e-m+fp/hard\libc_nano.a
LOAD c:/st/stm32cubeide_1.11.2/stm32cubeide/plugins/com.st.stm32cube.ide.mcu.externaltools.gnu-tools-for-stm32.10.3-2021.10.win32_1.0.100.202210260954/tools/bin/../lib/gcc/arm-none-eabi/10.3.1/../../../../arm-none-eabi/lib/thumb/v7e-m+fp/hard\libnosys.a
END GROUP
LOAD c:/st/stm32cubeide_1.11.2/stm32cubeide/plugins/com.st.stm32cube.ide.mcu.externaltools.gnu-tools-for-stm32.10.3-2021.10.win32_1.0.100.202210260954/tools/bin/../lib/gcc/arm-none-eabi/10.3.1/thumb/v7e-m+fp/hard/crtend.o
LOAD c:/st/stm32cubeide_1.11.2/stm32cubeide/plugins/com.st.stm32cube.ide.mcu.externaltools.gnu-tools-for-stm32.10.3-2021.10.win32_1.0.100.202210260954/tools/bin/../lib/gcc/arm-none-eabi/10.3.1/thumb/v7e-m+fp/hard/crtn.o
                0x0000000020018000                _estack = (ORIGIN (RAM) + LENGTH (RAM))
                0x0000000000000200                _Min_Heap_Size = 0x200
                0x0000000000000400                _Min_Stack_Size = 0x400

.isr_vector     0x0000000008000000      0x188
                0x0000000008000000                . = ALIGN (0x4)
 *(.isr_vector)
 .isr_vector    0x0000000008000000      0x188 ./Core/Startup/startup_stm32l475vgtx.o
                0x0000000008000000                g_pfnVectors
                0x0000000008000188                . = ALIGN (0x4)

.text           0x0000000008000190     0xd7a4
                0x0000000008000190                . = ALIGN (0x4)
 *(.text)
 .text          0x0000000008000190       0x40 c:/st/stm32cubeide_1.11.2/stm32cubeide/plugins/com.st.stm32cube.ide.mcu.externaltools.gnu-tools-for-stm32.10.3-2021.10.win32_1.0.100.202210260954/tools/bin/../lib/gcc/arm-none-eabi/10.3.1/thumb/v7e-m+fp/hard/crtbegin.o
 .text          0x00000000080001d0       0x10 c:/st/stm32cubeide_1.11.2/stm32cubeide/plugins/com.st.stm32cube.ide.mcu.externaltools.gnu-tools-for-stm32.10.3-2021.10.win32_1.0.100.202210260954/tools/bin/../lib/gcc/arm-none-eabi/10.3.1/../../../../arm-none-eabi/lib/thumb/v7e-m+fp/hard\libc_nano.a(lib_a-strlen.o)
                0x00000000080001d0                strlen
 .text          0x00000000080001e0       0xa0 c:/st/stm32cubeide_1.11.2/stm32cubeide/plugins/com.st.stm32cube.ide.mcu.externaltools.gnu-tools-for-stm32.10.3-2021.10.win32_1.0.100.202210260954/tools/bin/../lib/gcc/arm-none-eabi/10.3.1/../../../../arm-none-eabi/lib/thumb/v7e-m+fp/hard\libc_nano.a(lib_a-memchr.o)
                0x00000000080001e0                memchr
 .text          0x0000000008000280       0x30 c:/st/stm32cubeide_1.11.2/stm32cubeide/plugins/com.st.stm32cube.ide.mcu.externaltools.gnu-tools-for-stm32.10.3-2021.10.win32_1.0.100.202210260954/tools/bin/../lib/gcc/arm-none-eabi/10.3.1/thumb/v7e-m+fp/hard\libgcc.a(_aeabi_uldivmod.o)
                0x0000000008000280                __aeabi_uldivmod
 .text          0x00000000080002b0      0x2d0 c:/st/stm32cubeide_1.11.2/stm32cubeide/plugins/com.st.stm32cube.ide.mcu.externaltools.gnu-tools-for-stm32.10.3-2021.10.win32_1.0.100.202210260954/tools/bin/../lib/gcc/arm-none-eabi/10.3.1/thumb/v7e-m+fp/hard\libgcc.a(_udivmoddi4.o)
                0x00000000080002b0                __udivmoddi4
 .text          0x0000000008000580        0x4 c:/st/stm32cubeide_1.11.2/stm32cubeide/plugins/com.st.stm32cube.ide.mcu.externaltools.gnu-tools-for-stm32.10.3-2021.10.win32_1.0.100.202210260954/tools/bin/../lib/gcc/arm-none-eabi/10.3.1/thumb/v7e-m+fp/hard\libgcc.a(_dvmd_tls.o)
                0x0000000008000580                __aeabi_idiv0
                0x0000000008000580                __aeabi_ldiv0
 *(.text*)
 .text.CreaTareas
                0x0000000008000584       0x2c ./Core/Src/Tareas.o
                0x0000000008000584                CreaTareas
 .text.CrearObjetosSerie
                0x00000000080005b0       0x1c ./Core/Src/Tareas.o
                0x00000000080005b0                CrearObjetosSerie
 .text.TareaServidorWeb
                0x00000000080005cc       0x14 ./Core/Src/Tareas.o
                0x00000000080005cc                TareaServidorWeb
 .text.GetSensores
                0x00000000080005e0       0x4c ./Core/Src/Tareas.o
                0x00000000080005e0                GetSensores
 .text.main     0x000000000800062c       0x64 ./Core/Src/main.o
                0x000000000800062c                main
 .text.SystemClock_Config
                0x0000000008000690       0xc4 ./Core/Src/main.o
                0x0000000008000690                SystemClock_Config
 .text.PeriphCommonClock_Config
                0x0000000008000754       0x5c ./Core/Src/main.o
                0x0000000008000754                PeriphCommonClock_Config
 .text.MX_ADC1_Init
                0x00000000080007b0       0xec ./Core/Src/main.o
 .text.MX_DFSDM1_Init
                0x000000000800089c       0x70 ./Core/Src/main.o
 .text.MX_I2C1_Init
                0x000000000800090c       0x80 ./Core/Src/main.o
 .text.MX_I2C2_Init
                0x000000000800098c       0x80 ./Core/Src/main.o
 .text.MX_QUADSPI_Init
                0x0000000008000a0c       0x4c ./Core/Src/main.o
 .text.MX_SPI3_Init
                0x0000000008000a58       0x7c ./Core/Src/main.o
 .text.MX_USART3_UART_Init
                0x0000000008000ad4       0x60 ./Core/Src/main.o
 .text.MX_USB_OTG_FS_PCD_Init
                0x0000000008000b34       0x5c ./Core/Src/main.o
 .text.MX_GPIO_Init
                0x0000000008000b90      0x334 ./Core/Src/main.o
 .text.StartDefaultTask
                0x0000000008000ec4       0x10 ./Core/Src/main.o
                0x0000000008000ec4                StartDefaultTask
 .text.Error_Handler
                0x0000000008000ed4        0xa ./Core/Src/main.o
                0x0000000008000ed4                Error_Handler
 *fill*         0x0000000008000ede        0x2 
 .text.HAL_MspInit
                0x0000000008000ee0       0x50 ./Core/Src/stm32l4xx_hal_msp.o
                0x0000000008000ee0                HAL_MspInit
 .text.HAL_ADC_MspInit
                0x0000000008000f30       0xb0 ./Core/Src/stm32l4xx_hal_msp.o
                0x0000000008000f30                HAL_ADC_MspInit
 .text.HAL_DFSDM_ChannelMspInit
                0x0000000008000fe0       0xc8 ./Core/Src/stm32l4xx_hal_msp.o
                0x0000000008000fe0                HAL_DFSDM_ChannelMspInit
 .text.HAL_I2C_MspInit
                0x00000000080010a8      0x144 ./Core/Src/stm32l4xx_hal_msp.o
                0x00000000080010a8                HAL_I2C_MspInit
 .text.HAL_QSPI_MspInit
                0x00000000080011ec       0x88 ./Core/Src/stm32l4xx_hal_msp.o
                0x00000000080011ec                HAL_QSPI_MspInit
 .text.HAL_SPI_MspInit
                0x0000000008001274       0x88 ./Core/Src/stm32l4xx_hal_msp.o
                0x0000000008001274                HAL_SPI_MspInit
 .text.HAL_SPI_MspDeInit
                0x00000000080012fc       0x3c ./Core/Src/stm32l4xx_hal_msp.o
                0x00000000080012fc                HAL_SPI_MspDeInit
 .text.HAL_UART_MspInit
                0x0000000008001338       0xbc ./Core/Src/stm32l4xx_hal_msp.o
                0x0000000008001338                HAL_UART_MspInit
 .text.HAL_PCD_MspInit
                0x00000000080013f4       0xd8 ./Core/Src/stm32l4xx_hal_msp.o
                0x00000000080013f4                HAL_PCD_MspInit
 .text.NMI_Handler
                0x00000000080014cc        0x6 ./Core/Src/stm32l4xx_it.o
                0x00000000080014cc                NMI_Handler
 .text.HardFault_Handler
                0x00000000080014d2        0x6 ./Core/Src/stm32l4xx_it.o
                0x00000000080014d2                HardFault_Handler
 .text.MemManage_Handler
                0x00000000080014d8        0x6 ./Core/Src/stm32l4xx_it.o
                0x00000000080014d8                MemManage_Handler
 .text.BusFault_Handler
                0x00000000080014de        0x6 ./Core/Src/stm32l4xx_it.o
                0x00000000080014de                BusFault_Handler
 .text.UsageFault_Handler
                0x00000000080014e4        0x6 ./Core/Src/stm32l4xx_it.o
                0x00000000080014e4                UsageFault_Handler
 .text.DebugMon_Handler
                0x00000000080014ea        0xe ./Core/Src/stm32l4xx_it.o
                0x00000000080014ea                DebugMon_Handler
 .text.SysTick_Handler
                0x00000000080014f8       0x1a ./Core/Src/stm32l4xx_it.o
                0x00000000080014f8                SysTick_Handler
 .text.EXTI9_5_IRQHandler
                0x0000000008001512       0x22 ./Core/Src/stm32l4xx_it.o
                0x0000000008001512                EXTI9_5_IRQHandler
 .text.EXTI15_10_IRQHandler
                0x0000000008001534       0x30 ./Core/Src/stm32l4xx_it.o
                0x0000000008001534                EXTI15_10_IRQHandler
 .text._getpid  0x0000000008001564       0x10 ./Core/Src/syscalls.o
                0x0000000008001564                _getpid
 .text._kill    0x0000000008001574       0x20 ./Core/Src/syscalls.o
                0x0000000008001574                _kill
 .text._exit    0x0000000008001594       0x14 ./Core/Src/syscalls.o
                0x0000000008001594                _exit
 .text._read    0x00000000080015a8       0x3a ./Core/Src/syscalls.o
                0x00000000080015a8                _read
 .text._write   0x00000000080015e2       0x38 ./Core/Src/syscalls.o
                0x00000000080015e2                _write
 .text._close   0x000000000800161a       0x18 ./Core/Src/syscalls.o
                0x000000000800161a                _close
 .text._fstat   0x0000000008001632       0x20 ./Core/Src/syscalls.o
                0x0000000008001632                _fstat
 .text._isatty  0x0000000008001652       0x16 ./Core/Src/syscalls.o
                0x0000000008001652                _isatty
 .text._lseek   0x0000000008001668       0x1a ./Core/Src/syscalls.o
                0x0000000008001668                _lseek
 *fill*         0x0000000008001682        0x2 
 .text._sbrk    0x0000000008001684       0x6c ./Core/Src/sysmem.o
                0x0000000008001684                _sbrk
 .text.SystemInit
                0x00000000080016f0       0x24 ./Core/Src/system_stm32l4xx.o
                0x00000000080016f0                SystemInit
 .text.wifi_start
                0x0000000008001714       0x70 ./Core/Src/web_server.o
 .text.wifi_connect
                0x0000000008001784       0x8c ./Core/Src/web_server.o
 .text.wifi_server
                0x0000000008001810      0x128 ./Core/Src/web_server.o
                0x0000000008001810                wifi_server
 .text.WebServerProcess
                0x0000000008001938      0x170 ./Core/Src/web_server.o
 .text.SendWebPage
                0x0000000008001aa8      0x104 ./Core/Src/web_server.o
 .text.EXTI1_IRQHandler
                0x0000000008001bac        0xe ./Core/Src/web_server.o
                0x0000000008001bac                EXTI1_IRQHandler
 .text.HAL_GPIO_EXTI_Callback
                0x0000000008001bba       0x20 ./Core/Src/web_server.o
                0x0000000008001bba                HAL_GPIO_EXTI_Callback
 *fill*         0x0000000008001bda        0x2 
 .text.SPI3_IRQHandler
                0x0000000008001bdc       0x14 ./Core/Src/web_server.o
                0x0000000008001bdc                SPI3_IRQHandler
 .text.Reset_Handler
                0x0000000008001bf0       0x50 ./Core/Startup/startup_stm32l475vgtx.o
                0x0000000008001bf0                Reset_Handler
 .text.Default_Handler
                0x0000000008001c40        0x2 ./Core/Startup/startup_stm32l475vgtx.o
                0x0000000008001c40                RTC_Alarm_IRQHandler
                0x0000000008001c40                EXTI2_IRQHandler
                0x0000000008001c40                TIM8_TRG_COM_IRQHandler
                0x0000000008001c40                TIM8_CC_IRQHandler
                0x0000000008001c40                TIM1_CC_IRQHandler
                0x0000000008001c40                TSC_IRQHandler
                0x0000000008001c40                TAMP_STAMP_IRQHandler
                0x0000000008001c40                EXTI3_IRQHandler
                0x0000000008001c40                LPTIM2_IRQHandler
                0x0000000008001c40                DFSDM1_FLT1_IRQHandler
                0x0000000008001c40                I2C3_ER_IRQHandler
                0x0000000008001c40                DFSDM1_FLT2_IRQHandler
                0x0000000008001c40                EXTI0_IRQHandler
                0x0000000008001c40                I2C2_EV_IRQHandler
                0x0000000008001c40                CAN1_RX0_IRQHandler
                0x0000000008001c40                FPU_IRQHandler
                0x0000000008001c40                TIM1_UP_TIM16_IRQHandler
                0x0000000008001c40                ADC1_2_IRQHandler
                0x0000000008001c40                SPI1_IRQHandler
                0x0000000008001c40                TIM6_DAC_IRQHandler
                0x0000000008001c40                TIM8_UP_IRQHandler
                0x0000000008001c40                DMA2_Channel2_IRQHandler
                0x0000000008001c40                DMA1_Channel4_IRQHandler
                0x0000000008001c40                SAI2_IRQHandler
                0x0000000008001c40                DFSDM1_FLT3_IRQHandler
                0x0000000008001c40                USART3_IRQHandler
                0x0000000008001c40                DMA1_Channel7_IRQHandler
                0x0000000008001c40                CAN1_RX1_IRQHandler
                0x0000000008001c40                UART5_IRQHandler
                0x0000000008001c40                ADC3_IRQHandler
                0x0000000008001c40                TIM4_IRQHandler
                0x0000000008001c40                DMA2_Channel1_IRQHandler
                0x0000000008001c40                QUADSPI_IRQHandler
                0x0000000008001c40                I2C1_EV_IRQHandler
                0x0000000008001c40                DMA1_Channel6_IRQHandler
                0x0000000008001c40                UART4_IRQHandler
                0x0000000008001c40                DMA2_Channel4_IRQHandler
                0x0000000008001c40                TIM3_IRQHandler
                0x0000000008001c40                RCC_IRQHandler
                0x0000000008001c40                DMA1_Channel1_IRQHandler
                0x0000000008001c40                Default_Handler
                0x0000000008001c40                DMA2_Channel7_IRQHandler
                0x0000000008001c40                TIM7_IRQHandler
                0x0000000008001c40                SDMMC1_IRQHandler
                0x0000000008001c40                TIM5_IRQHandler
                0x0000000008001c40                I2C3_EV_IRQHandler
                0x0000000008001c40                RTC_WKUP_IRQHandler
                0x0000000008001c40                PVD_PVM_IRQHandler
                0x0000000008001c40                SPI2_IRQHandler
                0x0000000008001c40                CAN1_TX_IRQHandler
                0x0000000008001c40                DMA2_Channel5_IRQHandler
                0x0000000008001c40                DMA1_Channel5_IRQHandler
                0x0000000008001c40                EXTI4_IRQHandler
                0x0000000008001c40                RNG_IRQHandler
                0x0000000008001c40                TIM1_TRG_COM_TIM17_IRQHandler
                0x0000000008001c40                DMA1_Channel3_IRQHandler
                0x0000000008001c40                COMP_IRQHandler
                0x0000000008001c40                WWDG_IRQHandler
                0x0000000008001c40                LPUART1_IRQHandler
                0x0000000008001c40                DMA2_Channel6_IRQHandler
                0x0000000008001c40                TIM2_IRQHandler
                0x0000000008001c40                USART2_IRQHandler
                0x0000000008001c40                DFSDM1_FLT0_IRQHandler
                0x0000000008001c40                I2C2_ER_IRQHandler
                0x0000000008001c40                DMA1_Channel2_IRQHandler
                0x0000000008001c40                TIM8_BRK_IRQHandler
                0x0000000008001c40                CAN1_SCE_IRQHandler
                0x0000000008001c40                FLASH_IRQHandler
                0x0000000008001c40                USART1_IRQHandler
                0x0000000008001c40                OTG_FS_IRQHandler
                0x0000000008001c40                I2C1_ER_IRQHandler
                0x0000000008001c40                FMC_IRQHandler
                0x0000000008001c40                SWPMI1_IRQHandler
                0x0000000008001c40                LPTIM1_IRQHandler
                0x0000000008001c40                SAI1_IRQHandler
                0x0000000008001c40                DMA2_Channel3_IRQHandler
                0x0000000008001c40                TIM1_BRK_TIM15_IRQHandler
 .text.HAL_Init
                0x0000000008001c42       0x30 ./Drivers/STM32L4xx_HAL_Driver/Src/stm32l4xx_hal.o
                0x0000000008001c42                HAL_Init
 *fill*         0x0000000008001c72        0x2 
 .text.HAL_InitTick
                0x0000000008001c74       0x78 ./Drivers/STM32L4xx_HAL_Driver/Src/stm32l4xx_hal.o
                0x0000000008001c74                HAL_InitTick
 .text.HAL_IncTick
                0x0000000008001cec       0x28 ./Drivers/STM32L4xx_HAL_Driver/Src/stm32l4xx_hal.o
                0x0000000008001cec                HAL_IncTick
 .text.HAL_GetTick
                0x0000000008001d14       0x18 ./Drivers/STM32L4xx_HAL_Driver/Src/stm32l4xx_hal.o
                0x0000000008001d14                HAL_GetTick
 .text.HAL_Delay
                0x0000000008001d2c       0x48 ./Drivers/STM32L4xx_HAL_Driver/Src/stm32l4xx_hal.o
                0x0000000008001d2c                HAL_Delay
 .text.LL_ADC_SetCommonClock
                0x0000000008001d74       0x26 ./Drivers/STM32L4xx_HAL_Driver/Src/stm32l4xx_hal_adc.o
 .text.LL_ADC_SetCommonPathInternalCh
                0x0000000008001d9a       0x26 ./Drivers/STM32L4xx_HAL_Driver/Src/stm32l4xx_hal_adc.o
 .text.LL_ADC_GetCommonPathInternalCh
                0x0000000008001dc0       0x1c ./Drivers/STM32L4xx_HAL_Driver/Src/stm32l4xx_hal_adc.o
 .text.LL_ADC_SetOffset
                0x0000000008001ddc       0x48 ./Drivers/STM32L4xx_HAL_Driver/Src/stm32l4xx_hal_adc.o
 .text.LL_ADC_GetOffsetChannel
                0x0000000008001e24       0x2c ./Drivers/STM32L4xx_HAL_Driver/Src/stm32l4xx_hal_adc.o
 .text.LL_ADC_SetOffsetState
                0x0000000008001e50       0x36 ./Drivers/STM32L4xx_HAL_Driver/Src/stm32l4xx_hal_adc.o
 .text.LL_ADC_REG_SetSequencerRanks
                0x0000000008001e86       0x58 ./Drivers/STM32L4xx_HAL_Driver/Src/stm32l4xx_hal_adc.o
 .text.LL_ADC_SetChannelSamplingTime
                0x0000000008001ede       0x56 ./Drivers/STM32L4xx_HAL_Driver/Src/stm32l4xx_hal_adc.o
 .text.LL_ADC_SetChannelSingleDiff
                0x0000000008001f34       0x48 ./Drivers/STM32L4xx_HAL_Driver/Src/stm32l4xx_hal_adc.o
 .text.LL_ADC_DisableDeepPowerDown
                0x0000000008001f7c       0x24 ./Drivers/STM32L4xx_HAL_Driver/Src/stm32l4xx_hal_adc.o
 .text.LL_ADC_IsDeepPowerDownEnabled
                0x0000000008001fa0       0x28 ./Drivers/STM32L4xx_HAL_Driver/Src/stm32l4xx_hal_adc.o
 .text.LL_ADC_EnableInternalRegulator
                0x0000000008001fc8       0x28 ./Drivers/STM32L4xx_HAL_Driver/Src/stm32l4xx_hal_adc.o
 .text.LL_ADC_IsInternalRegulatorEnabled
                0x0000000008001ff0       0x28 ./Drivers/STM32L4xx_HAL_Driver/Src/stm32l4xx_hal_adc.o
 .text.LL_ADC_IsEnabled
                0x0000000008002018       0x26 ./Drivers/STM32L4xx_HAL_Driver/Src/stm32l4xx_hal_adc.o
 .text.LL_ADC_REG_IsConversionOngoing
                0x000000000800203e       0x26 ./Drivers/STM32L4xx_HAL_Driver/Src/stm32l4xx_hal_adc.o
 .text.LL_ADC_INJ_IsConversionOngoing
                0x0000000008002064       0x26 ./Drivers/STM32L4xx_HAL_Driver/Src/stm32l4xx_hal_adc.o
 *fill*         0x000000000800208a        0x2 
 .text.HAL_ADC_Init
                0x000000000800208c      0x2ac ./Drivers/STM32L4xx_HAL_Driver/Src/stm32l4xx_hal_adc.o
                0x000000000800208c                HAL_ADC_Init
 .text.HAL_ADC_ConfigChannel
                0x0000000008002338      0x7e0 ./Drivers/STM32L4xx_HAL_Driver/Src/stm32l4xx_hal_adc.o
                0x0000000008002338                HAL_ADC_ConfigChannel
 .text.LL_ADC_IsEnabled
                0x0000000008002b18       0x26 ./Drivers/STM32L4xx_HAL_Driver/Src/stm32l4xx_hal_adc_ex.o
 .text.LL_ADC_REG_IsConversionOngoing
                0x0000000008002b3e       0x26 ./Drivers/STM32L4xx_HAL_Driver/Src/stm32l4xx_hal_adc_ex.o
 .text.HAL_ADCEx_MultiModeConfigChannel
                0x0000000008002b64      0x160 ./Drivers/STM32L4xx_HAL_Driver/Src/stm32l4xx_hal_adc_ex.o
                0x0000000008002b64                HAL_ADCEx_MultiModeConfigChannel
 .text.__NVIC_SetPriorityGrouping
                0x0000000008002cc4       0x48 ./Drivers/STM32L4xx_HAL_Driver/Src/stm32l4xx_hal_cortex.o
 .text.__NVIC_GetPriorityGrouping
                0x0000000008002d0c       0x1c ./Drivers/STM32L4xx_HAL_Driver/Src/stm32l4xx_hal_cortex.o
 .text.__NVIC_EnableIRQ
                0x0000000008002d28       0x3c ./Drivers/STM32L4xx_HAL_Driver/Src/stm32l4xx_hal_cortex.o
 .text.__NVIC_SetPriority
                0x0000000008002d64       0x54 ./Drivers/STM32L4xx_HAL_Driver/Src/stm32l4xx_hal_cortex.o
 .text.NVIC_EncodePriority
                0x0000000008002db8       0x66 ./Drivers/STM32L4xx_HAL_Driver/Src/stm32l4xx_hal_cortex.o
 *fill*         0x0000000008002e1e        0x2 
 .text.SysTick_Config
                0x0000000008002e20       0x44 ./Drivers/STM32L4xx_HAL_Driver/Src/stm32l4xx_hal_cortex.o
 .text.HAL_NVIC_SetPriorityGrouping
                0x0000000008002e64       0x16 ./Drivers/STM32L4xx_HAL_Driver/Src/stm32l4xx_hal_cortex.o
                0x0000000008002e64                HAL_NVIC_SetPriorityGrouping
 .text.HAL_NVIC_SetPriority
                0x0000000008002e7a       0x38 ./Drivers/STM32L4xx_HAL_Driver/Src/stm32l4xx_hal_cortex.o
                0x0000000008002e7a                HAL_NVIC_SetPriority
 .text.HAL_NVIC_EnableIRQ
                0x0000000008002eb2       0x1c ./Drivers/STM32L4xx_HAL_Driver/Src/stm32l4xx_hal_cortex.o
                0x0000000008002eb2                HAL_NVIC_EnableIRQ
 .text.HAL_SYSTICK_Config
                0x0000000008002ece       0x18 ./Drivers/STM32L4xx_HAL_Driver/Src/stm32l4xx_hal_cortex.o
                0x0000000008002ece                HAL_SYSTICK_Config
 *fill*         0x0000000008002ee6        0x2 
 .text.HAL_DFSDM_ChannelInit
                0x0000000008002ee8      0x180 ./Drivers/STM32L4xx_HAL_Driver/Src/stm32l4xx_hal_dfsdm.o
                0x0000000008002ee8                HAL_DFSDM_ChannelInit
 .text.DFSDM_GetChannelFromInstance
                0x0000000008003068       0x98 ./Drivers/STM32L4xx_HAL_Driver/Src/stm32l4xx_hal_dfsdm.o
 .text.HAL_DMA_Abort_IT
                0x0000000008003100       0x82 ./Drivers/STM32L4xx_HAL_Driver/Src/stm32l4xx_hal_dma.o
                0x0000000008003100                HAL_DMA_Abort_IT
 *fill*         0x0000000008003182        0x2 
 .text.HAL_GPIO_Init
                0x0000000008003184      0x354 ./Drivers/STM32L4xx_HAL_Driver/Src/stm32l4xx_hal_gpio.o
                0x0000000008003184                HAL_GPIO_Init
 .text.HAL_GPIO_DeInit
                0x00000000080034d8      0x1e8 ./Drivers/STM32L4xx_HAL_Driver/Src/stm32l4xx_hal_gpio.o
                0x00000000080034d8                HAL_GPIO_DeInit
 .text.HAL_GPIO_ReadPin
                0x00000000080036c0       0x30 ./Drivers/STM32L4xx_HAL_Driver/Src/stm32l4xx_hal_gpio.o
                0x00000000080036c0                HAL_GPIO_ReadPin
 .text.HAL_GPIO_WritePin
                0x00000000080036f0       0x30 ./Drivers/STM32L4xx_HAL_Driver/Src/stm32l4xx_hal_gpio.o
                0x00000000080036f0                HAL_GPIO_WritePin
 .text.HAL_GPIO_EXTI_IRQHandler
                0x0000000008003720       0x30 ./Drivers/STM32L4xx_HAL_Driver/Src/stm32l4xx_hal_gpio.o
                0x0000000008003720                HAL_GPIO_EXTI_IRQHandler
 .text.HAL_I2C_Init
                0x0000000008003750      0x11e ./Drivers/STM32L4xx_HAL_Driver/Src/stm32l4xx_hal_i2c.o
                0x0000000008003750                HAL_I2C_Init
 .text.HAL_I2CEx_ConfigAnalogFilter
                0x000000000800386e       0x96 ./Drivers/STM32L4xx_HAL_Driver/Src/stm32l4xx_hal_i2c_ex.o
                0x000000000800386e                HAL_I2CEx_ConfigAnalogFilter
 .text.HAL_I2CEx_ConfigDigitalFilter
                0x0000000008003904       0x98 ./Drivers/STM32L4xx_HAL_Driver/Src/stm32l4xx_hal_i2c_ex.o
                0x0000000008003904                HAL_I2CEx_ConfigDigitalFilter
 .text.HAL_PCD_Init
                0x000000000800399c      0x248 ./Drivers/STM32L4xx_HAL_Driver/Src/stm32l4xx_hal_pcd.o
                0x000000000800399c                HAL_PCD_Init
 .text.HAL_PCDEx_ActivateLPM
                0x0000000008003be4       0x48 ./Drivers/STM32L4xx_HAL_Driver/Src/stm32l4xx_hal_pcd_ex.o
                0x0000000008003be4                HAL_PCDEx_ActivateLPM
 .text.HAL_PWR_EnableBkUpAccess
                0x0000000008003c2c       0x20 ./Drivers/STM32L4xx_HAL_Driver/Src/stm32l4xx_hal_pwr.o
                0x0000000008003c2c                HAL_PWR_EnableBkUpAccess
 .text.HAL_PWREx_GetVoltageRange
                0x0000000008003c4c       0x1c ./Drivers/STM32L4xx_HAL_Driver/Src/stm32l4xx_hal_pwr_ex.o
                0x0000000008003c4c                HAL_PWREx_GetVoltageRange
 .text.HAL_PWREx_ControlVoltageScaling
                0x0000000008003c68       0xac ./Drivers/STM32L4xx_HAL_Driver/Src/stm32l4xx_hal_pwr_ex.o
                0x0000000008003c68                HAL_PWREx_ControlVoltageScaling
 .text.HAL_PWREx_EnableVddUSB
                0x0000000008003d14       0x20 ./Drivers/STM32L4xx_HAL_Driver/Src/stm32l4xx_hal_pwr_ex.o
                0x0000000008003d14                HAL_PWREx_EnableVddUSB
 .text.HAL_QSPI_Init
                0x0000000008003d34       0xec ./Drivers/STM32L4xx_HAL_Driver/Src/stm32l4xx_hal_qspi.o
                0x0000000008003d34                HAL_QSPI_Init
 .text.HAL_QSPI_SetTimeout
                0x0000000008003e20       0x1c ./Drivers/STM32L4xx_HAL_Driver/Src/stm32l4xx_hal_qspi.o
                0x0000000008003e20                HAL_QSPI_SetTimeout
 .text.QSPI_WaitFlagStateUntilTimeout
                0x0000000008003e3c       0x6e ./Drivers/STM32L4xx_HAL_Driver/Src/stm32l4xx_hal_qspi.o
 *fill*         0x0000000008003eaa        0x2 
 .text.HAL_RCC_OscConfig
                0x0000000008003eac      0x7b8 ./Drivers/STM32L4xx_HAL_Driver/Src/stm32l4xx_hal_rcc.o
                0x0000000008003eac                HAL_RCC_OscConfig
 .text.HAL_RCC_ClockConfig
                0x0000000008004664      0x200 ./Drivers/STM32L4xx_HAL_Driver/Src/stm32l4xx_hal_rcc.o
                0x0000000008004664                HAL_RCC_ClockConfig
 .text.HAL_RCC_GetSysClockFreq
                0x0000000008004864      0x118 ./Drivers/STM32L4xx_HAL_Driver/Src/stm32l4xx_hal_rcc.o
                0x0000000008004864                HAL_RCC_GetSysClockFreq
 .text.HAL_RCC_GetHCLKFreq
                0x000000000800497c       0x18 ./Drivers/STM32L4xx_HAL_Driver/Src/stm32l4xx_hal_rcc.o
                0x000000000800497c                HAL_RCC_GetHCLKFreq
 .text.HAL_RCC_GetPCLK1Freq
                0x0000000008004994       0x2c ./Drivers/STM32L4xx_HAL_Driver/Src/stm32l4xx_hal_rcc.o
                0x0000000008004994                HAL_RCC_GetPCLK1Freq
 .text.HAL_RCC_GetPCLK2Freq
                0x00000000080049c0       0x2c ./Drivers/STM32L4xx_HAL_Driver/Src/stm32l4xx_hal_rcc.o
                0x00000000080049c0                HAL_RCC_GetPCLK2Freq
 .text.RCC_SetFlashLatencyFromMSIRange
                0x00000000080049ec       0xc0 ./Drivers/STM32L4xx_HAL_Driver/Src/stm32l4xx_hal_rcc.o
 .text.HAL_RCCEx_PeriphCLKConfig
                0x0000000008004aac      0x5d4 ./Drivers/STM32L4xx_HAL_Driver/Src/stm32l4xx_hal_rcc_ex.o
                0x0000000008004aac                HAL_RCCEx_PeriphCLKConfig
 .text.HAL_RCCEx_EnableMSIPLLMode
                0x0000000008005080       0x20 ./Drivers/STM32L4xx_HAL_Driver/Src/stm32l4xx_hal_rcc_ex.o
                0x0000000008005080                HAL_RCCEx_EnableMSIPLLMode
 .text.RCCEx_PLLSAI1_Config
                0x00000000080050a0      0x1e8 ./Drivers/STM32L4xx_HAL_Driver/Src/stm32l4xx_hal_rcc_ex.o
 .text.RCCEx_PLLSAI2_Config
                0x0000000008005288      0x1bc ./Drivers/STM32L4xx_HAL_Driver/Src/stm32l4xx_hal_rcc_ex.o
 .text.HAL_SPI_Init
                0x0000000008005444      0x146 ./Drivers/STM32L4xx_HAL_Driver/Src/stm32l4xx_hal_spi.o
                0x0000000008005444                HAL_SPI_Init
 .text.HAL_SPI_DeInit
                0x000000000800558a       0x50 ./Drivers/STM32L4xx_HAL_Driver/Src/stm32l4xx_hal_spi.o
                0x000000000800558a                HAL_SPI_DeInit
 .text.HAL_SPI_Receive
                0x00000000080055da      0x260 ./Drivers/STM32L4xx_HAL_Driver/Src/stm32l4xx_hal_spi.o
                0x00000000080055da                HAL_SPI_Receive
 .text.HAL_SPI_TransmitReceive
                0x000000000800583a      0x426 ./Drivers/STM32L4xx_HAL_Driver/Src/stm32l4xx_hal_spi.o
                0x000000000800583a                HAL_SPI_TransmitReceive
 .text.HAL_SPI_Transmit_IT
                0x0000000008005c60      0x11c ./Drivers/STM32L4xx_HAL_Driver/Src/stm32l4xx_hal_spi.o
                0x0000000008005c60                HAL_SPI_Transmit_IT
 .text.HAL_SPI_Receive_IT
                0x0000000008005d7c      0x160 ./Drivers/STM32L4xx_HAL_Driver/Src/stm32l4xx_hal_spi.o
                0x0000000008005d7c                HAL_SPI_Receive_IT
 .text.HAL_SPI_TransmitReceive_IT
                0x0000000008005edc      0x160 ./Drivers/STM32L4xx_HAL_Driver/Src/stm32l4xx_hal_spi.o
                0x0000000008005edc                HAL_SPI_TransmitReceive_IT
 .text.HAL_SPI_IRQHandler
                0x000000000800603c      0x200 ./Drivers/STM32L4xx_HAL_Driver/Src/stm32l4xx_hal_spi.o
                0x000000000800603c                HAL_SPI_IRQHandler
 .text.HAL_SPI_TxRxCpltCallback
                0x000000000800623c       0x14 ./Drivers/STM32L4xx_HAL_Driver/Src/stm32l4xx_hal_spi.o
                0x000000000800623c                HAL_SPI_TxRxCpltCallback
 .text.HAL_SPI_ErrorCallback
                0x0000000008006250       0x14 ./Drivers/STM32L4xx_HAL_Driver/Src/stm32l4xx_hal_spi.o
                0x0000000008006250                HAL_SPI_ErrorCallback
 .text.SPI_DMAAbortOnError
                0x0000000008006264       0x2a ./Drivers/STM32L4xx_HAL_Driver/Src/stm32l4xx_hal_spi.o
 .text.SPI_2linesRxISR_8BIT
                0x000000000800628e       0xbe ./Drivers/STM32L4xx_HAL_Driver/Src/stm32l4xx_hal_spi.o
 .text.SPI_2linesTxISR_8BIT
                0x000000000800634c       0x92 ./Drivers/STM32L4xx_HAL_Driver/Src/stm32l4xx_hal_spi.o
 .text.SPI_2linesRxISR_16BIT
                0x00000000080063de       0x66 ./Drivers/STM32L4xx_HAL_Driver/Src/stm32l4xx_hal_spi.o
 .text.SPI_2linesTxISR_16BIT
                0x0000000008006444       0x60 ./Drivers/STM32L4xx_HAL_Driver/Src/stm32l4xx_hal_spi.o
 .text.SPI_RxISR_8BIT
                0x00000000080064a4       0x50 ./Drivers/STM32L4xx_HAL_Driver/Src/stm32l4xx_hal_spi.o
 .text.SPI_RxISR_16BIT
                0x00000000080064f4       0x4c ./Drivers/STM32L4xx_HAL_Driver/Src/stm32l4xx_hal_spi.o
 .text.SPI_TxISR_8BIT
                0x0000000008006540       0x46 ./Drivers/STM32L4xx_HAL_Driver/Src/stm32l4xx_hal_spi.o
 .text.SPI_TxISR_16BIT
                0x0000000008006586       0x44 ./Drivers/STM32L4xx_HAL_Driver/Src/stm32l4xx_hal_spi.o
 *fill*         0x00000000080065ca        0x2 
 .text.SPI_WaitFlagStateUntilTimeout
                0x00000000080065cc      0x110 ./Drivers/STM32L4xx_HAL_Driver/Src/stm32l4xx_hal_spi.o
 .text.SPI_WaitFifoStateUntilTimeout
                0x00000000080066dc      0x12c ./Drivers/STM32L4xx_HAL_Driver/Src/stm32l4xx_hal_spi.o
 .text.SPI_EndRxTransaction
                0x0000000008006808       0xb0 ./Drivers/STM32L4xx_HAL_Driver/Src/stm32l4xx_hal_spi.o
 .text.SPI_EndRxTxTransaction
                0x00000000080068b8       0x8c ./Drivers/STM32L4xx_HAL_Driver/Src/stm32l4xx_hal_spi.o
 .text.SPI_CloseRxTx_ISR
                0x0000000008006944       0x84 ./Drivers/STM32L4xx_HAL_Driver/Src/stm32l4xx_hal_spi.o
 .text.SPI_CloseRx_ISR
                0x00000000080069c8       0x60 ./Drivers/STM32L4xx_HAL_Driver/Src/stm32l4xx_hal_spi.o
 .text.SPI_CloseTx_ISR
                0x0000000008006a28       0x7e ./Drivers/STM32L4xx_HAL_Driver/Src/stm32l4xx_hal_spi.o
 .text.HAL_UART_Init
                0x0000000008006aa6       0x9c ./Drivers/STM32L4xx_HAL_Driver/Src/stm32l4xx_hal_uart.o
                0x0000000008006aa6                HAL_UART_Init
 *fill*         0x0000000008006b42        0x2 
 .text.UART_SetConfig
                0x0000000008006b44      0x570 ./Drivers/STM32L4xx_HAL_Driver/Src/stm32l4xx_hal_uart.o
                0x0000000008006b44                UART_SetConfig
 .text.UART_AdvFeatureConfig
                0x00000000080070b4      0x144 ./Drivers/STM32L4xx_HAL_Driver/Src/stm32l4xx_hal_uart.o
                0x00000000080070b4                UART_AdvFeatureConfig
 .text.UART_CheckIdleState
                0x00000000080071f8       0x92 ./Drivers/STM32L4xx_HAL_Driver/Src/stm32l4xx_hal_uart.o
                0x00000000080071f8                UART_CheckIdleState
 .text.UART_WaitOnFlagUntilTimeout
                0x000000000800728a      0x188 ./Drivers/STM32L4xx_HAL_Driver/Src/stm32l4xx_hal_uart.o
                0x000000000800728a                UART_WaitOnFlagUntilTimeout
 .text.USB_CoreInit
                0x0000000008007412       0x58 ./Drivers/STM32L4xx_HAL_Driver/Src/stm32l4xx_ll_usb.o
                0x0000000008007412                USB_CoreInit
 .text.USB_DisableGlobalInt
                0x000000000800746a       0x22 ./Drivers/STM32L4xx_HAL_Driver/Src/stm32l4xx_ll_usb.o
                0x000000000800746a                USB_DisableGlobalInt
 .text.USB_SetCurrentMode
                0x000000000800748c       0x98 ./Drivers/STM32L4xx_HAL_Driver/Src/stm32l4xx_ll_usb.o
                0x000000000800748c                USB_SetCurrentMode
 .text.USB_DevInit
                0x0000000008007524      0x298 ./Drivers/STM32L4xx_HAL_Driver/Src/stm32l4xx_ll_usb.o
                0x0000000008007524                USB_DevInit
 .text.USB_FlushTxFifo
                0x00000000080077bc       0x68 ./Drivers/STM32L4xx_HAL_Driver/Src/stm32l4xx_ll_usb.o
                0x00000000080077bc                USB_FlushTxFifo
 .text.USB_FlushRxFifo
                0x0000000008007824       0x60 ./Drivers/STM32L4xx_HAL_Driver/Src/stm32l4xx_ll_usb.o
                0x0000000008007824                USB_FlushRxFifo
 .text.USB_SetDevSpeed
                0x0000000008007884       0x32 ./Drivers/STM32L4xx_HAL_Driver/Src/stm32l4xx_ll_usb.o
                0x0000000008007884                USB_SetDevSpeed
 .text.USB_DevDisconnect
                0x00000000080078b6       0x42 ./Drivers/STM32L4xx_HAL_Driver/Src/stm32l4xx_ll_usb.o
                0x00000000080078b6                USB_DevDisconnect
 .text.USB_GetMode
                0x00000000080078f8       0x1c ./Drivers/STM32L4xx_HAL_Driver/Src/stm32l4xx_ll_usb.o
                0x00000000080078f8                USB_GetMode
 .text.USB_CoreReset
                0x0000000008007914       0x68 ./Drivers/STM32L4xx_HAL_Driver/Src/stm32l4xx_ll_usb.o
 .text.Hex2Num  0x000000000800797c       0x54 ./LibWIFI/Src/es_wifi.o
 .text.ParseHexNumber
                0x00000000080079d0       0x80 ./LibWIFI/Src/es_wifi.o
 .text.ParseNumber
                0x0000000008007a50       0x88 ./LibWIFI/Src/es_wifi.o
 .text.ParseMAC
                0x0000000008007ad8       0x56 ./LibWIFI/Src/es_wifi.o
 .text.ParseIP  0x0000000008007b2e       0x56 ./LibWIFI/Src/es_wifi.o
 .text.AT_ParseInfo
                0x0000000008007b84       0xec ./LibWIFI/Src/es_wifi.o
 .text.AT_ParseConnSettings
                0x0000000008007c70      0x160 ./LibWIFI/Src/es_wifi.o
 .text.AT_ParseIsConnected
                0x0000000008007dd0       0x2c ./LibWIFI/Src/es_wifi.o
 .text.AT_ExecuteCommand
                0x0000000008007dfc       0xcc ./LibWIFI/Src/es_wifi.o
 .text.AT_RequestSendData
                0x0000000008007ec8       0xec ./LibWIFI/Src/es_wifi.o
 .text.AT_RequestReceiveData
                0x0000000008007fb4      0x12c ./LibWIFI/Src/es_wifi.o
 .text.ES_WIFI_Init
                0x00000000080080e0       0x5c ./LibWIFI/Src/es_wifi.o
                0x00000000080080e0                ES_WIFI_Init
 .text.ES_WIFI_RegisterBusIO
                0x000000000800813c       0x66 ./LibWIFI/Src/es_wifi.o
                0x000000000800813c                ES_WIFI_RegisterBusIO
 *fill*         0x00000000080081a2        0x2 
 .text.ES_WIFI_Connect
                0x00000000080081a4       0xf0 ./LibWIFI/Src/es_wifi.o
                0x00000000080081a4                ES_WIFI_Connect
 .text.ES_WIFI_IsConnected
                0x0000000008008294       0x58 ./LibWIFI/Src/es_wifi.o
                0x0000000008008294                ES_WIFI_IsConnected
 .text.ES_WIFI_GetNetworkSettings
                0x00000000080082ec       0x54 ./LibWIFI/Src/es_wifi.o
                0x00000000080082ec                ES_WIFI_GetNetworkSettings
 .text.ES_WIFI_GetMACAddress
                0x0000000008008340       0x64 ./LibWIFI/Src/es_wifi.o
                0x0000000008008340                ES_WIFI_GetMACAddress
 .text.ES_WIFI_StartServerSingleConn
                0x00000000080083a4      0x158 ./LibWIFI/Src/es_wifi.o
                0x00000000080083a4                ES_WIFI_StartServerSingleConn
 .text.ES_WIFI_WaitServerConnection
                0x00000000080084fc      0x244 ./LibWIFI/Src/es_wifi.o
                0x00000000080084fc                ES_WIFI_WaitServerConnection
 .text.ES_WIFI_CloseServerConnection
                0x0000000008008740       0xc0 ./LibWIFI/Src/es_wifi.o
                0x0000000008008740                ES_WIFI_CloseServerConnection
 .text.ES_WIFI_StopServerSingleConn
                0x0000000008008800       0xc4 ./LibWIFI/Src/es_wifi.o
                0x0000000008008800                ES_WIFI_StopServerSingleConn
 .text.ES_WIFI_SendData
                0x00000000080088c4      0x178 ./LibWIFI/Src/es_wifi.o
                0x00000000080088c4                ES_WIFI_SendData
 .text.ES_WIFI_ReceiveData
                0x0000000008008a3c      0x180 ./LibWIFI/Src/es_wifi.o
                0x0000000008008a3c                ES_WIFI_ReceiveData
 .text.SPI_WIFI_MspInit
                0x0000000008008bbc      0x178 ./LibWIFI/Src/es_wifi_io.o
                0x0000000008008bbc                SPI_WIFI_MspInit
 .text.SPI_WIFI_Init
                0x0000000008008d34       0xbc ./LibWIFI/Src/es_wifi_io.o
                0x0000000008008d34                SPI_WIFI_Init
 .text.SPI_WIFI_ResetModule
                0x0000000008008df0       0xe0 ./LibWIFI/Src/es_wifi_io.o
                0x0000000008008df0                SPI_WIFI_ResetModule
 .text.SPI_WIFI_DeInit
                0x0000000008008ed0       0x14 ./LibWIFI/Src/es_wifi_io.o
                0x0000000008008ed0                SPI_WIFI_DeInit
 .text.wait_cmddata_rdy_high
                0x0000000008008ee4       0x44 ./LibWIFI/Src/es_wifi_io.o
 .text.wait_cmddata_rdy_rising_event
                0x0000000008008f28       0x40 ./LibWIFI/Src/es_wifi_io.o
 .text.wait_spi_rx_event
                0x0000000008008f68       0x40 ./LibWIFI/Src/es_wifi_io.o
 .text.wait_spi_tx_event
                0x0000000008008fa8       0x40 ./LibWIFI/Src/es_wifi_io.o
 .text.SPI_WIFI_ReceiveData
                0x0000000008008fe8       0xf4 ./LibWIFI/Src/es_wifi_io.o
                0x0000000008008fe8                SPI_WIFI_ReceiveData
 .text.SPI_WIFI_SendData
                0x00000000080090dc       0xdc ./LibWIFI/Src/es_wifi_io.o
                0x00000000080090dc                SPI_WIFI_SendData
 .text.SPI_WIFI_Delay
                0x00000000080091b8       0x16 ./LibWIFI/Src/es_wifi_io.o
                0x00000000080091b8                SPI_WIFI_Delay
 *fill*         0x00000000080091ce        0x2 
 .text.SPI_WIFI_DelayUs
                0x00000000080091d0       0xa4 ./LibWIFI/Src/es_wifi_io.o
 .text.HAL_SPI_RxCpltCallback
                0x0000000008009274       0x28 ./LibWIFI/Src/es_wifi_io.o
                0x0000000008009274                HAL_SPI_RxCpltCallback
 .text.HAL_SPI_TxCpltCallback
                0x000000000800929c       0x28 ./LibWIFI/Src/es_wifi_io.o
                0x000000000800929c                HAL_SPI_TxCpltCallback
 .text.SPI_WIFI_ISR
                0x00000000080092c4       0x20 ./LibWIFI/Src/es_wifi_io.o
                0x00000000080092c4                SPI_WIFI_ISR
 .text.WIFI_Init
                0x00000000080092e4       0x58 ./LibWIFI/Src/wifi.o
                0x00000000080092e4                WIFI_Init
 .text.WIFI_Connect
                0x000000000800933c       0x44 ./LibWIFI/Src/wifi.o
                0x000000000800933c                WIFI_Connect
 .text.WIFI_GetMAC_Address
                0x0000000008009380       0x2c ./LibWIFI/Src/wifi.o
                0x0000000008009380                WIFI_GetMAC_Address
 .text.WIFI_GetIP_Address
                0x00000000080093ac       0x38 ./LibWIFI/Src/wifi.o
                0x00000000080093ac                WIFI_GetIP_Address
 .text.WIFI_StartServer
                0x00000000080093e4       0x60 ./LibWIFI/Src/wifi.o
                0x00000000080093e4                WIFI_StartServer
 .text.WIFI_WaitServerConnection
                0x0000000008009444       0x88 ./LibWIFI/Src/wifi.o
                0x0000000008009444                WIFI_WaitServerConnection
 .text.WIFI_CloseServerConnection
                0x00000000080094cc       0x2c ./LibWIFI/Src/wifi.o
                0x00000000080094cc                WIFI_CloseServerConnection
 .text.WIFI_StopServer
                0x00000000080094f8       0x30 ./LibWIFI/Src/wifi.o
                0x00000000080094f8                WIFI_StopServer
 .text.WIFI_SendData
                0x0000000008009528       0x44 ./LibWIFI/Src/wifi.o
                0x0000000008009528                WIFI_SendData
 .text.WIFI_ReceiveData
                0x000000000800956c       0x44 ./LibWIFI/Src/wifi.o
                0x000000000800956c                WIFI_ReceiveData
 .text.__NVIC_SetPriority
                0x00000000080095b0       0x54 ./Middlewares/Third_Party/FreeRTOS/Source/CMSIS_RTOS_V2/cmsis_os2.o
 .text.SVC_Setup
                0x0000000008009604       0x12 ./Middlewares/Third_Party/FreeRTOS/Source/CMSIS_RTOS_V2/cmsis_os2.o
 *fill*         0x0000000008009616        0x2 
 .text.osKernelInitialize
                0x0000000008009618       0x48 ./Middlewares/Third_Party/FreeRTOS/Source/CMSIS_RTOS_V2/cmsis_os2.o
                0x0000000008009618                osKernelInitialize
 .text.osKernelStart
                0x0000000008009660       0x4c ./Middlewares/Third_Party/FreeRTOS/Source/CMSIS_RTOS_V2/cmsis_os2.o
                0x0000000008009660                osKernelStart
 .text.osThreadNew
                0x00000000080096ac      0x124 ./Middlewares/Third_Party/FreeRTOS/Source/CMSIS_RTOS_V2/cmsis_os2.o
                0x00000000080096ac                osThreadNew
 .text.osDelay  0x00000000080097d0       0x36 ./Middlewares/Third_Party/FreeRTOS/Source/CMSIS_RTOS_V2/cmsis_os2.o
                0x00000000080097d0                osDelay
 *fill*         0x0000000008009806        0x2 
 .text.vApplicationGetIdleTaskMemory
                0x0000000008009808       0x34 ./Middlewares/Third_Party/FreeRTOS/Source/CMSIS_RTOS_V2/cmsis_os2.o
                0x0000000008009808                vApplicationGetIdleTaskMemory
 .text.vApplicationGetTimerTaskMemory
                0x000000000800983c       0x34 ./Middlewares/Third_Party/FreeRTOS/Source/CMSIS_RTOS_V2/cmsis_os2.o
                0x000000000800983c                vApplicationGetTimerTaskMemory
 .text.vListInitialise
                0x0000000008009870       0x40 ./Middlewares/Third_Party/FreeRTOS/Source/list.o
                0x0000000008009870                vListInitialise
 .text.vListInitialiseItem
                0x00000000080098b0       0x1a ./Middlewares/Third_Party/FreeRTOS/Source/list.o
                0x00000000080098b0                vListInitialiseItem
 .text.vListInsertEnd
                0x00000000080098ca       0x48 ./Middlewares/Third_Party/FreeRTOS/Source/list.o
                0x00000000080098ca                vListInsertEnd
 .text.vListInsert
                0x0000000008009912       0x72 ./Middlewares/Third_Party/FreeRTOS/Source/list.o
                0x0000000008009912                vListInsert
 .text.uxListRemove
                0x0000000008009984       0x54 ./Middlewares/Third_Party/FreeRTOS/Source/list.o
                0x0000000008009984                uxListRemove
 .text.xQueueGenericReset
                0x00000000080099d8       0xd0 ./Middlewares/Third_Party/FreeRTOS/Source/queue.o
                0x00000000080099d8                xQueueGenericReset
 .text.xQueueGenericCreateStatic
                0x0000000008009aa8       0xf0 ./Middlewares/Third_Party/FreeRTOS/Source/queue.o
                0x0000000008009aa8                xQueueGenericCreateStatic
 .text.xQueueGenericCreate
                0x0000000008009b98       0x74 ./Middlewares/Third_Party/FreeRTOS/Source/queue.o
                0x0000000008009b98                xQueueGenericCreate
 .text.prvInitialiseNewQueue
                0x0000000008009c0c       0x46 ./Middlewares/Third_Party/FreeRTOS/Source/queue.o
 *fill*         0x0000000008009c52        0x2 
 .text.xQueueGenericSend
                0x0000000008009c54      0x1fc ./Middlewares/Third_Party/FreeRTOS/Source/queue.o
                0x0000000008009c54                xQueueGenericSend
 .text.xQueueGenericSendFromISR
                0x0000000008009e50      0x136 ./Middlewares/Third_Party/FreeRTOS/Source/queue.o
                0x0000000008009e50                xQueueGenericSendFromISR
 *fill*         0x0000000008009f86        0x2 
 .text.xQueueReceive
                0x0000000008009f88      0x1c0 ./Middlewares/Third_Party/FreeRTOS/Source/queue.o
                0x0000000008009f88                xQueueReceive
 .text.prvCopyDataToQueue
                0x000000000800a148       0xd4 ./Middlewares/Third_Party/FreeRTOS/Source/queue.o
 .text.prvCopyDataFromQueue
                0x000000000800a21c       0x4c ./Middlewares/Third_Party/FreeRTOS/Source/queue.o
 .text.prvUnlockQueue
                0x000000000800a268       0xa4 ./Middlewares/Third_Party/FreeRTOS/Source/queue.o
 .text.prvIsQueueEmpty
                0x000000000800a30c       0x2c ./Middlewares/Third_Party/FreeRTOS/Source/queue.o
 .text.prvIsQueueFull
                0x000000000800a338       0x30 ./Middlewares/Third_Party/FreeRTOS/Source/queue.o
 .text.vQueueAddToRegistry
                0x000000000800a368       0x54 ./Middlewares/Third_Party/FreeRTOS/Source/queue.o
                0x000000000800a368                vQueueAddToRegistry
 .text.vQueueWaitForMessageRestricted
                0x000000000800a3bc       0x68 ./Middlewares/Third_Party/FreeRTOS/Source/queue.o
                0x000000000800a3bc                vQueueWaitForMessageRestricted
 .text.xTaskCreateStatic
                0x000000000800a424       0xba ./Middlewares/Third_Party/FreeRTOS/Source/tasks.o
                0x000000000800a424                xTaskCreateStatic
 .text.xTaskCreate
                0x000000000800a4de       0x8a ./Middlewares/Third_Party/FreeRTOS/Source/tasks.o
                0x000000000800a4de                xTaskCreate
 .text.prvInitialiseNewTask
                0x000000000800a568      0x11e ./Middlewares/Third_Party/FreeRTOS/Source/tasks.o
 *fill*         0x000000000800a686        0x2 
 .text.prvAddNewTaskToReadyList
                0x000000000800a688       0xe0 ./Middlewares/Third_Party/FreeRTOS/Source/tasks.o
 .text.vTaskDelay
                0x000000000800a768       0x68 ./Middlewares/Third_Party/FreeRTOS/Source/tasks.o
                0x000000000800a768                vTaskDelay
 .text.vTaskStartScheduler
                0x000000000800a7d0       0xcc ./Middlewares/Third_Party/FreeRTOS/Source/tasks.o
                0x000000000800a7d0                vTaskStartScheduler
 .text.vTaskSuspendAll
                0x000000000800a89c       0x1c ./Middlewares/Third_Party/FreeRTOS/Source/tasks.o
                0x000000000800a89c                vTaskSuspendAll
 .text.xTaskResumeAll
                0x000000000800a8b8      0x13c ./Middlewares/Third_Party/FreeRTOS/Source/tasks.o
                0x000000000800a8b8                xTaskResumeAll
 .text.xTaskGetTickCount
                0x000000000800a9f4       0x20 ./Middlewares/Third_Party/FreeRTOS/Source/tasks.o
                0x000000000800a9f4                xTaskGetTickCount
 .text.xTaskIncrementTick
                0x000000000800aa14      0x174 ./Middlewares/Third_Party/FreeRTOS/Source/tasks.o
                0x000000000800aa14                xTaskIncrementTick
 .text.vTaskSwitchContext
                0x000000000800ab88       0xbc ./Middlewares/Third_Party/FreeRTOS/Source/tasks.o
                0x000000000800ab88                vTaskSwitchContext
 .text.vTaskPlaceOnEventList
                0x000000000800ac44       0x48 ./Middlewares/Third_Party/FreeRTOS/Source/tasks.o
                0x000000000800ac44                vTaskPlaceOnEventList
 .text.vTaskPlaceOnEventListRestricted
                0x000000000800ac8c       0x58 ./Middlewares/Third_Party/FreeRTOS/Source/tasks.o
                0x000000000800ac8c                vTaskPlaceOnEventListRestricted
 .text.xTaskRemoveFromEventList
                0x000000000800ace4       0xc8 ./Middlewares/Third_Party/FreeRTOS/Source/tasks.o
                0x000000000800ace4                xTaskRemoveFromEventList
 .text.vTaskInternalSetTimeOutState
                0x000000000800adac       0x2c ./Middlewares/Third_Party/FreeRTOS/Source/tasks.o
                0x000000000800adac                vTaskInternalSetTimeOutState
 .text.xTaskCheckForTimeOut
                0x000000000800add8       0xc4 ./Middlewares/Third_Party/FreeRTOS/Source/tasks.o
                0x000000000800add8                xTaskCheckForTimeOut
 .text.vTaskMissedYield
                0x000000000800ae9c       0x18 ./Middlewares/Third_Party/FreeRTOS/Source/tasks.o
                0x000000000800ae9c                vTaskMissedYield
 .text.prvIdleTask
                0x000000000800aeb4       0x30 ./Middlewares/Third_Party/FreeRTOS/Source/tasks.o
 .text.prvInitialiseTaskLists
                0x000000000800aee4       0x80 ./Middlewares/Third_Party/FreeRTOS/Source/tasks.o
 .text.prvCheckTasksWaitingTermination
                0x000000000800af64       0x5c ./Middlewares/Third_Party/FreeRTOS/Source/tasks.o
 .text.prvDeleteTCB
                0x000000000800afc0       0x5e ./Middlewares/Third_Party/FreeRTOS/Source/tasks.o
 *fill*         0x000000000800b01e        0x2 
 .text.prvResetNextTaskUnblockTime
                0x000000000800b020       0x40 ./Middlewares/Third_Party/FreeRTOS/Source/tasks.o
 .text.xTaskGetSchedulerState
                0x000000000800b060       0x3c ./Middlewares/Third_Party/FreeRTOS/Source/tasks.o
                0x000000000800b060                xTaskGetSchedulerState
 .text.xTaskPriorityDisinherit
                0x000000000800b09c       0xdc ./Middlewares/Third_Party/FreeRTOS/Source/tasks.o
                0x000000000800b09c                xTaskPriorityDisinherit
 .text.xTaskGenericNotify
                0x000000000800b178      0x170 ./Middlewares/Third_Party/FreeRTOS/Source/tasks.o
                0x000000000800b178                xTaskGenericNotify
 .text.prvAddCurrentTaskToDelayedList
                0x000000000800b2e8       0xa8 ./Middlewares/Third_Party/FreeRTOS/Source/tasks.o
 .text.xTimerCreateTimerTask
                0x000000000800b390       0x90 ./Middlewares/Third_Party/FreeRTOS/Source/timers.o
                0x000000000800b390                xTimerCreateTimerTask
 .text.xTimerGenericCommand
                0x000000000800b420       0x9c ./Middlewares/Third_Party/FreeRTOS/Source/timers.o
                0x000000000800b420                xTimerGenericCommand
 .text.prvProcessExpiredTimer
                0x000000000800b4bc       0x98 ./Middlewares/Third_Party/FreeRTOS/Source/timers.o
 .text.prvTimerTask
                0x000000000800b554       0x24 ./Middlewares/Third_Party/FreeRTOS/Source/timers.o
 .text.prvProcessTimerOrBlockTask
                0x000000000800b578       0x9c ./Middlewares/Third_Party/FreeRTOS/Source/timers.o
 .text.prvGetNextExpireTime
                0x000000000800b614       0x48 ./Middlewares/Third_Party/FreeRTOS/Source/timers.o
 .text.prvSampleTimeNow
                0x000000000800b65c       0x40 ./Middlewares/Third_Party/FreeRTOS/Source/timers.o
 .text.prvInsertTimerInActiveList
                0x000000000800b69c       0x84 ./Middlewares/Third_Party/FreeRTOS/Source/timers.o
 .text.prvProcessReceivedCommands
                0x000000000800b720      0x1c4 ./Middlewares/Third_Party/FreeRTOS/Source/timers.o
 .text.prvSwitchTimerLists
                0x000000000800b8e4       0xc8 ./Middlewares/Third_Party/FreeRTOS/Source/timers.o
 .text.prvCheckForValidListAndQueue
                0x000000000800b9ac       0x80 ./Middlewares/Third_Party/FreeRTOS/Source/timers.o
 .text.pxPortInitialiseStack
                0x000000000800ba2c       0x68 ./Middlewares/Third_Party/FreeRTOS/Source/portable/GCC/ARM_CM4F/port.o
                0x000000000800ba2c                pxPortInitialiseStack
 .text.prvTaskExitError
                0x000000000800ba94       0x58 ./Middlewares/Third_Party/FreeRTOS/Source/portable/GCC/ARM_CM4F/port.o
 *fill*         0x000000000800baec        0x4 
 .text.SVC_Handler
                0x000000000800baf0       0x28 ./Middlewares/Third_Party/FreeRTOS/Source/portable/GCC/ARM_CM4F/port.o
                0x000000000800baf0                SVC_Handler
 .text.prvPortStartFirstTask
                0x000000000800bb18       0x28 ./Middlewares/Third_Party/FreeRTOS/Source/portable/GCC/ARM_CM4F/port.o
 .text.xPortStartScheduler
                0x000000000800bb40      0x144 ./Middlewares/Third_Party/FreeRTOS/Source/portable/GCC/ARM_CM4F/port.o
                0x000000000800bb40                xPortStartScheduler
 .text.vPortEnterCritical
                0x000000000800bc84       0x60 ./Middlewares/Third_Party/FreeRTOS/Source/portable/GCC/ARM_CM4F/port.o
                0x000000000800bc84                vPortEnterCritical
 .text.vPortExitCritical
                0x000000000800bce4       0x54 ./Middlewares/Third_Party/FreeRTOS/Source/portable/GCC/ARM_CM4F/port.o
                0x000000000800bce4                vPortExitCritical
 *fill*         0x000000000800bd38        0x8 
 .text.PendSV_Handler
                0x000000000800bd40       0x68 ./Middlewares/Third_Party/FreeRTOS/Source/portable/GCC/ARM_CM4F/port.o
                0x000000000800bd40                PendSV_Handler
 .text.xPortSysTickHandler
                0x000000000800bda8       0x44 ./Middlewares/Third_Party/FreeRTOS/Source/portable/GCC/ARM_CM4F/port.o
                0x000000000800bda8                xPortSysTickHandler
 .text.vPortSetupTimerInterrupt
                0x000000000800bdec       0x48 ./Middlewares/Third_Party/FreeRTOS/Source/portable/GCC/ARM_CM4F/port.o
                0x000000000800bdec                vPortSetupTimerInterrupt
 .text.vPortEnableVFP
                0x000000000800be34       0x14 ./Middlewares/Third_Party/FreeRTOS/Source/portable/GCC/ARM_CM4F/port.o
 .text.vPortValidateInterruptPriority
                0x000000000800be48       0x80 ./Middlewares/Third_Party/FreeRTOS/Source/portable/GCC/ARM_CM4F/port.o
                0x000000000800be48                vPortValidateInterruptPriority
 .text.pvPortMalloc
                0x000000000800bec8      0x198 ./Middlewares/Third_Party/FreeRTOS/Source/portable/MemMang/heap_4.o
                0x000000000800bec8                pvPortMalloc
 .text.vPortFree
                0x000000000800c060       0xc4 ./Middlewares/Third_Party/FreeRTOS/Source/portable/MemMang/heap_4.o
                0x000000000800c060                vPortFree
 .text.prvHeapInit
                0x000000000800c124       0xc4 ./Middlewares/Third_Party/FreeRTOS/Source/portable/MemMang/heap_4.o
 .text.prvInsertBlockIntoFreeList
                0x000000000800c1e8       0xb4 ./Middlewares/Third_Party/FreeRTOS/Source/portable/MemMang/heap_4.o
 .text.__errno  0x000000000800c29c        0xc c:/st/stm32cubeide_1.11.2/stm32cubeide/plugins/com.st.stm32cube.ide.mcu.externaltools.gnu-tools-for-stm32.10.3-2021.10.win32_1.0.100.202210260954/tools/bin/../lib/gcc/arm-none-eabi/10.3.1/../../../../arm-none-eabi/lib/thumb/v7e-m+fp/hard\libc_nano.a(lib_a-errno.o)
                0x000000000800c29c                __errno
 .text.__libc_init_array
                0x000000000800c2a8       0x48 c:/st/stm32cubeide_1.11.2/stm32cubeide/plugins/com.st.stm32cube.ide.mcu.externaltools.gnu-tools-for-stm32.10.3-2021.10.win32_1.0.100.202210260954/tools/bin/../lib/gcc/arm-none-eabi/10.3.1/../../../../arm-none-eabi/lib/thumb/v7e-m+fp/hard\libc_nano.a(lib_a-init.o)
                0x000000000800c2a8                __libc_init_array
 .text.memcmp   0x000000000800c2f0       0x20 c:/st/stm32cubeide_1.11.2/stm32cubeide/plugins/com.st.stm32cube.ide.mcu.externaltools.gnu-tools-for-stm32.10.3-2021.10.win32_1.0.100.202210260954/tools/bin/../lib/gcc/arm-none-eabi/10.3.1/../../../../arm-none-eabi/lib/thumb/v7e-m+fp/hard\libc_nano.a(lib_a-memcmp.o)
                0x000000000800c2f0                memcmp
 .text.memcpy   0x000000000800c310       0x1c c:/st/stm32cubeide_1.11.2/stm32cubeide/plugins/com.st.stm32cube.ide.mcu.externaltools.gnu-tools-for-stm32.10.3-2021.10.win32_1.0.100.202210260954/tools/bin/../lib/gcc/arm-none-eabi/10.3.1/../../../../arm-none-eabi/lib/thumb/v7e-m+fp/hard\libc_nano.a(lib_a-memcpy-stub.o)
                0x000000000800c310                memcpy
 .text.memset   0x000000000800c32c       0x10 c:/st/stm32cubeide_1.11.2/stm32cubeide/plugins/com.st.stm32cube.ide.mcu.externaltools.gnu-tools-for-stm32.10.3-2021.10.win32_1.0.100.202210260954/tools/bin/../lib/gcc/arm-none-eabi/10.3.1/../../../../arm-none-eabi/lib/thumb/v7e-m+fp/hard\libc_nano.a(lib_a-memset.o)
                0x000000000800c32c                memset
 .text.printf   0x000000000800c33c       0x30 c:/st/stm32cubeide_1.11.2/stm32cubeide/plugins/com.st.stm32cube.ide.mcu.externaltools.gnu-tools-for-stm32.10.3-2021.10.win32_1.0.100.202210260954/tools/bin/../lib/gcc/arm-none-eabi/10.3.1/../../../../arm-none-eabi/lib/thumb/v7e-m+fp/hard\libc_nano.a(lib_a-printf.o)
                0x000000000800c33c                iprintf
                0x000000000800c33c                printf
 .text._puts_r  0x000000000800c36c       0xdc c:/st/stm32cubeide_1.11.2/stm32cubeide/plugins/com.st.stm32cube.ide.mcu.externaltools.gnu-tools-for-stm32.10.3-2021.10.win32_1.0.100.202210260954/tools/bin/../lib/gcc/arm-none-eabi/10.3.1/../../../../arm-none-eabi/lib/thumb/v7e-m+fp/hard\libc_nano.a(lib_a-puts.o)
                0x000000000800c36c                _puts_r
 .text.puts     0x000000000800c448       0x10 c:/st/stm32cubeide_1.11.2/stm32cubeide/plugins/com.st.stm32cube.ide.mcu.externaltools.gnu-tools-for-stm32.10.3-2021.10.win32_1.0.100.202210260954/tools/bin/../lib/gcc/arm-none-eabi/10.3.1/../../../../arm-none-eabi/lib/thumb/v7e-m+fp/hard\libc_nano.a(lib_a-puts.o)
                0x000000000800c448                puts
 .text.sprintf  0x000000000800c458       0x40 c:/st/stm32cubeide_1.11.2/stm32cubeide/plugins/com.st.stm32cube.ide.mcu.externaltools.gnu-tools-for-stm32.10.3-2021.10.win32_1.0.100.202210260954/tools/bin/../lib/gcc/arm-none-eabi/10.3.1/../../../../arm-none-eabi/lib/thumb/v7e-m+fp/hard\libc_nano.a(lib_a-sprintf.o)
                0x000000000800c458                siprintf
                0x000000000800c458                sprintf
 .text.strncmp  0x000000000800c498       0x28 c:/st/stm32cubeide_1.11.2/stm32cubeide/plugins/com.st.stm32cube.ide.mcu.externaltools.gnu-tools-for-stm32.10.3-2021.10.win32_1.0.100.202210260954/tools/bin/../lib/gcc/arm-none-eabi/10.3.1/../../../../arm-none-eabi/lib/thumb/v7e-m+fp/hard\libc_nano.a(lib_a-strncmp.o)
                0x000000000800c498                strncmp
 .text.strncpy  0x000000000800c4c0       0x26 c:/st/stm32cubeide_1.11.2/stm32cubeide/plugins/com.st.stm32cube.ide.mcu.externaltools.gnu-tools-for-stm32.10.3-2021.10.win32_1.0.100.202210260954/tools/bin/../lib/gcc/arm-none-eabi/10.3.1/../../../../arm-none-eabi/lib/thumb/v7e-m+fp/hard\libc_nano.a(lib_a-strncpy.o)
                0x000000000800c4c0                strncpy
 .text.strstr   0x000000000800c4e6       0x2c c:/st/stm32cubeide_1.11.2/stm32cubeide/plugins/com.st.stm32cube.ide.mcu.externaltools.gnu-tools-for-stm32.10.3-2021.10.win32_1.0.100.202210260954/tools/bin/../lib/gcc/arm-none-eabi/10.3.1/../../../../arm-none-eabi/lib/thumb/v7e-m+fp/hard\libc_nano.a(lib_a-strstr.o)
                0x000000000800c4e6                strstr
 *fill*         0x000000000800c512        0x2 
 .text.strtok   0x000000000800c514       0x68 c:/st/stm32cubeide_1.11.2/stm32cubeide/plugins/com.st.stm32cube.ide.mcu.externaltools.gnu-tools-for-stm32.10.3-2021.10.win32_1.0.100.202210260954/tools/bin/../lib/gcc/arm-none-eabi/10.3.1/../../../../arm-none-eabi/lib/thumb/v7e-m+fp/hard\libc_nano.a(lib_a-strtok.o)
                0x000000000800c514                strtok
 .text.__strtok_r
                0x000000000800c57c       0x50 c:/st/stm32cubeide_1.11.2/stm32cubeide/plugins/com.st.stm32cube.ide.mcu.externaltools.gnu-tools-for-stm32.10.3-2021.10.win32_1.0.100.202210260954/tools/bin/../lib/gcc/arm-none-eabi/10.3.1/../../../../arm-none-eabi/lib/thumb/v7e-m+fp/hard\libc_nano.a(lib_a-strtok_r.o)
                0x000000000800c57c                __strtok_r
 .text.__swbuf_r
                0x000000000800c5cc       0xa4 c:/st/stm32cubeide_1.11.2/stm32cubeide/plugins/com.st.stm32cube.ide.mcu.externaltools.gnu-tools-for-stm32.10.3-2021.10.win32_1.0.100.202210260954/tools/bin/../lib/gcc/arm-none-eabi/10.3.1/../../../../arm-none-eabi/lib/thumb/v7e-m+fp/hard\libc_nano.a(lib_a-wbuf.o)
                0x000000000800c5cc                __swbuf_r
 .text.__swsetup_r
                0x000000000800c670       0xdc c:/st/stm32cubeide_1.11.2/stm32cubeide/plugins/com.st.stm32cube.ide.mcu.externaltools.gnu-tools-for-stm32.10.3-2021.10.win32_1.0.100.202210260954/tools/bin/../lib/gcc/arm-none-eabi/10.3.1/../../../../arm-none-eabi/lib/thumb/v7e-m+fp/hard\libc_nano.a(lib_a-wsetup.o)
                0x000000000800c670                __swsetup_r
 .text.__assert_func
                0x000000000800c74c       0x3c c:/st/stm32cubeide_1.11.2/stm32cubeide/plugins/com.st.stm32cube.ide.mcu.externaltools.gnu-tools-for-stm32.10.3-2021.10.win32_1.0.100.202210260954/tools/bin/../lib/gcc/arm-none-eabi/10.3.1/../../../../arm-none-eabi/lib/thumb/v7e-m+fp/hard\libc_nano.a(lib_a-assert.o)
                0x000000000800c74c                __assert_func
 .text.__sflush_r
                0x000000000800c788      0x10c c:/st/stm32cubeide_1.11.2/stm32cubeide/plugins/com.st.stm32cube.ide.mcu.externaltools.gnu-tools-for-stm32.10.3-2021.10.win32_1.0.100.202210260954/tools/bin/../lib/gcc/arm-none-eabi/10.3.1/../../../../arm-none-eabi/lib/thumb/v7e-m+fp/hard\libc_nano.a(lib_a-fflush.o)
                0x000000000800c788                __sflush_r
 .text._fflush_r
                0x000000000800c894       0x78 c:/st/stm32cubeide_1.11.2/stm32cubeide/plugins/com.st.stm32cube.ide.mcu.externaltools.gnu-tools-for-stm32.10.3-2021.10.win32_1.0.100.202210260954/tools/bin/../lib/gcc/arm-none-eabi/10.3.1/../../../../arm-none-eabi/lib/thumb/v7e-m+fp/hard\libc_nano.a(lib_a-fflush.o)
                0x000000000800c894                _fflush_r
 .text.std      0x000000000800c90c       0x48 c:/st/stm32cubeide_1.11.2/stm32cubeide/plugins/com.st.stm32cube.ide.mcu.externaltools.gnu-tools-for-stm32.10.3-2021.10.win32_1.0.100.202210260954/tools/bin/../lib/gcc/arm-none-eabi/10.3.1/../../../../arm-none-eabi/lib/thumb/v7e-m+fp/hard\libc_nano.a(lib_a-findfp.o)
 .text._cleanup_r
                0x000000000800c954        0xc c:/st/stm32cubeide_1.11.2/stm32cubeide/plugins/com.st.stm32cube.ide.mcu.externaltools.gnu-tools-for-stm32.10.3-2021.10.win32_1.0.100.202210260954/tools/bin/../lib/gcc/arm-none-eabi/10.3.1/../../../../arm-none-eabi/lib/thumb/v7e-m+fp/hard\libc_nano.a(lib_a-findfp.o)
                0x000000000800c954                _cleanup_r
 .text.__sfmoreglue
                0x000000000800c960       0x2c c:/st/stm32cubeide_1.11.2/stm32cubeide/plugins/com.st.stm32cube.ide.mcu.externaltools.gnu-tools-for-stm32.10.3-2021.10.win32_1.0.100.202210260954/tools/bin/../lib/gcc/arm-none-eabi/10.3.1/../../../../arm-none-eabi/lib/thumb/v7e-m+fp/hard\libc_nano.a(lib_a-findfp.o)
                0x000000000800c960                __sfmoreglue
 .text.__sfp_lock_acquire
                0x000000000800c98c        0xc c:/st/stm32cubeide_1.11.2/stm32cubeide/plugins/com.st.stm32cube.ide.mcu.externaltools.gnu-tools-for-stm32.10.3-2021.10.win32_1.0.100.202210260954/tools/bin/../lib/gcc/arm-none-eabi/10.3.1/../../../../arm-none-eabi/lib/thumb/v7e-m+fp/hard\libc_nano.a(lib_a-findfp.o)
                0x000000000800c98c                __sfp_lock_acquire
 .text.__sfp_lock_release
                0x000000000800c998        0xc c:/st/stm32cubeide_1.11.2/stm32cubeide/plugins/com.st.stm32cube.ide.mcu.externaltools.gnu-tools-for-stm32.10.3-2021.10.win32_1.0.100.202210260954/tools/bin/../lib/gcc/arm-none-eabi/10.3.1/../../../../arm-none-eabi/lib/thumb/v7e-m+fp/hard\libc_nano.a(lib_a-findfp.o)
                0x000000000800c998                __sfp_lock_release
 .text.__sinit_lock_acquire
                0x000000000800c9a4        0xc c:/st/stm32cubeide_1.11.2/stm32cubeide/plugins/com.st.stm32cube.ide.mcu.externaltools.gnu-tools-for-stm32.10.3-2021.10.win32_1.0.100.202210260954/tools/bin/../lib/gcc/arm-none-eabi/10.3.1/../../../../arm-none-eabi/lib/thumb/v7e-m+fp/hard\libc_nano.a(lib_a-findfp.o)
                0x000000000800c9a4                __sinit_lock_acquire
 .text.__sinit_lock_release
                0x000000000800c9b0        0xc c:/st/stm32cubeide_1.11.2/stm32cubeide/plugins/com.st.stm32cube.ide.mcu.externaltools.gnu-tools-for-stm32.10.3-2021.10.win32_1.0.100.202210260954/tools/bin/../lib/gcc/arm-none-eabi/10.3.1/../../../../arm-none-eabi/lib/thumb/v7e-m+fp/hard\libc_nano.a(lib_a-findfp.o)
                0x000000000800c9b0                __sinit_lock_release
 .text.__sinit  0x000000000800c9bc       0x70 c:/st/stm32cubeide_1.11.2/stm32cubeide/plugins/com.st.stm32cube.ide.mcu.externaltools.gnu-tools-for-stm32.10.3-2021.10.win32_1.0.100.202210260954/tools/bin/../lib/gcc/arm-none-eabi/10.3.1/../../../../arm-none-eabi/lib/thumb/v7e-m+fp/hard\libc_nano.a(lib_a-findfp.o)
                0x000000000800c9bc                __sinit
 .text.__sfp    0x000000000800ca2c       0x8c c:/st/stm32cubeide_1.11.2/stm32cubeide/plugins/com.st.stm32cube.ide.mcu.externaltools.gnu-tools-for-stm32.10.3-2021.10.win32_1.0.100.202210260954/tools/bin/../lib/gcc/arm-none-eabi/10.3.1/../../../../arm-none-eabi/lib/thumb/v7e-m+fp/hard\libc_nano.a(lib_a-findfp.o)
                0x000000000800ca2c                __sfp
 .text.fprintf  0x000000000800cab8       0x24 c:/st/stm32cubeide_1.11.2/stm32cubeide/plugins/com.st.stm32cube.ide.mcu.externaltools.gnu-tools-for-stm32.10.3-2021.10.win32_1.0.100.202210260954/tools/bin/../lib/gcc/arm-none-eabi/10.3.1/../../../../arm-none-eabi/lib/thumb/v7e-m+fp/hard\libc_nano.a(lib_a-fprintf.o)
                0x000000000800cab8                fiprintf
                0x000000000800cab8                fprintf
 .text._fwalk_reent
                0x000000000800cadc       0x3e c:/st/stm32cubeide_1.11.2/stm32cubeide/plugins/com.st.stm32cube.ide.mcu.externaltools.gnu-tools-for-stm32.10.3-2021.10.win32_1.0.100.202210260954/tools/bin/../lib/gcc/arm-none-eabi/10.3.1/../../../../arm-none-eabi/lib/thumb/v7e-m+fp/hard\libc_nano.a(lib_a-fwalk.o)
                0x000000000800cadc                _fwalk_reent
 .text.__retarget_lock_init_recursive
                0x000000000800cb1a        0x2 c:/st/stm32cubeide_1.11.2/stm32cubeide/plugins/com.st.stm32cube.ide.mcu.externaltools.gnu-tools-for-stm32.10.3-2021.10.win32_1.0.100.202210260954/tools/bin/../lib/gcc/arm-none-eabi/10.3.1/../../../../arm-none-eabi/lib/thumb/v7e-m+fp/hard\libc_nano.a(lib_a-lock.o)
                0x000000000800cb1a                __retarget_lock_init_recursive
 .text.__retarget_lock_acquire_recursive
                0x000000000800cb1c        0x2 c:/st/stm32cubeide_1.11.2/stm32cubeide/plugins/com.st.stm32cube.ide.mcu.externaltools.gnu-tools-for-stm32.10.3-2021.10.win32_1.0.100.202210260954/tools/bin/../lib/gcc/arm-none-eabi/10.3.1/../../../../arm-none-eabi/lib/thumb/v7e-m+fp/hard\libc_nano.a(lib_a-lock.o)
                0x000000000800cb1c                __retarget_lock_acquire_recursive
 .text.__retarget_lock_release_recursive
                0x000000000800cb1e        0x2 c:/st/stm32cubeide_1.11.2/stm32cubeide/plugins/com.st.stm32cube.ide.mcu.externaltools.gnu-tools-for-stm32.10.3-2021.10.win32_1.0.100.202210260954/tools/bin/../lib/gcc/arm-none-eabi/10.3.1/../../../../arm-none-eabi/lib/thumb/v7e-m+fp/hard\libc_nano.a(lib_a-lock.o)
                0x000000000800cb1e                __retarget_lock_release_recursive
 .text.__swhatbuf_r
                0x000000000800cb20       0x4a c:/st/stm32cubeide_1.11.2/stm32cubeide/plugins/com.st.stm32cube.ide.mcu.externaltools.gnu-tools-for-stm32.10.3-2021.10.win32_1.0.100.202210260954/tools/bin/../lib/gcc/arm-none-eabi/10.3.1/../../../../arm-none-eabi/lib/thumb/v7e-m+fp/hard\libc_nano.a(lib_a-makebuf.o)
                0x000000000800cb20                __swhatbuf_r
 *fill*         0x000000000800cb6a        0x2 
 .text.__smakebuf_r
                0x000000000800cb6c       0x80 c:/st/stm32cubeide_1.11.2/stm32cubeide/plugins/com.st.stm32cube.ide.mcu.externaltools.gnu-tools-for-stm32.10.3-2021.10.win32_1.0.100.202210260954/tools/bin/../lib/gcc/arm-none-eabi/10.3.1/../../../../arm-none-eabi/lib/thumb/v7e-m+fp/hard\libc_nano.a(lib_a-makebuf.o)
                0x000000000800cb6c                __smakebuf_r
 .text.malloc   0x000000000800cbec       0x10 c:/st/stm32cubeide_1.11.2/stm32cubeide/plugins/com.st.stm32cube.ide.mcu.externaltools.gnu-tools-for-stm32.10.3-2021.10.win32_1.0.100.202210260954/tools/bin/../lib/gcc/arm-none-eabi/10.3.1/../../../../arm-none-eabi/lib/thumb/v7e-m+fp/hard\libc_nano.a(lib_a-malloc.o)
                0x000000000800cbec                malloc
 .text._free_r  0x000000000800cbfc       0x98 c:/st/stm32cubeide_1.11.2/stm32cubeide/plugins/com.st.stm32cube.ide.mcu.externaltools.gnu-tools-for-stm32.10.3-2021.10.win32_1.0.100.202210260954/tools/bin/../lib/gcc/arm-none-eabi/10.3.1/../../../../arm-none-eabi/lib/thumb/v7e-m+fp/hard\libc_nano.a(lib_a-nano-freer.o)
                0x000000000800cbfc                _free_r
 .text.sbrk_aligned
                0x000000000800cc94       0x40 c:/st/stm32cubeide_1.11.2/stm32cubeide/plugins/com.st.stm32cube.ide.mcu.externaltools.gnu-tools-for-stm32.10.3-2021.10.win32_1.0.100.202210260954/tools/bin/../lib/gcc/arm-none-eabi/10.3.1/../../../../arm-none-eabi/lib/thumb/v7e-m+fp/hard\libc_nano.a(lib_a-nano-mallocr.o)
 .text._malloc_r
                0x000000000800ccd4       0xe8 c:/st/stm32cubeide_1.11.2/stm32cubeide/plugins/com.st.stm32cube.ide.mcu.externaltools.gnu-tools-for-stm32.10.3-2021.10.win32_1.0.100.202210260954/tools/bin/../lib/gcc/arm-none-eabi/10.3.1/../../../../arm-none-eabi/lib/thumb/v7e-m+fp/hard\libc_nano.a(lib_a-nano-mallocr.o)
                0x000000000800ccd4                _malloc_r
 .text.__ssputs_r
                0x000000000800cdbc       0xb6 c:/st/stm32cubeide_1.11.2/stm32cubeide/plugins/com.st.stm32cube.ide.mcu.externaltools.gnu-tools-for-stm32.10.3-2021.10.win32_1.0.100.202210260954/tools/bin/../lib/gcc/arm-none-eabi/10.3.1/../../../../arm-none-eabi/lib/thumb/v7e-m+fp/hard\libc_nano.a(lib_a-nano-svfprintf.o)
                0x000000000800cdbc                __ssputs_r
 *fill*         0x000000000800ce72        0x2 
 .text._svfprintf_r
                0x000000000800ce74      0x200 c:/st/stm32cubeide_1.11.2/stm32cubeide/plugins/com.st.stm32cube.ide.mcu.externaltools.gnu-tools-for-stm32.10.3-2021.10.win32_1.0.100.202210260954/tools/bin/../lib/gcc/arm-none-eabi/10.3.1/../../../../arm-none-eabi/lib/thumb/v7e-m+fp/hard\libc_nano.a(lib_a-nano-svfprintf.o)
                0x000000000800ce74                _svfiprintf_r
                0x000000000800ce74                _svfprintf_r
 .text.__sfputc_r
                0x000000000800d074       0x2e c:/st/stm32cubeide_1.11.2/stm32cubeide/plugins/com.st.stm32cube.ide.mcu.externaltools.gnu-tools-for-stm32.10.3-2021.10.win32_1.0.100.202210260954/tools/bin/../lib/gcc/arm-none-eabi/10.3.1/../../../../arm-none-eabi/lib/thumb/v7e-m+fp/hard\libc_nano.a(lib_a-nano-vfprintf.o)
 .text.__sfputs_r
                0x000000000800d0a2       0x24 c:/st/stm32cubeide_1.11.2/stm32cubeide/plugins/com.st.stm32cube.ide.mcu.externaltools.gnu-tools-for-stm32.10.3-2021.10.win32_1.0.100.202210260954/tools/bin/../lib/gcc/arm-none-eabi/10.3.1/../../../../arm-none-eabi/lib/thumb/v7e-m+fp/hard\libc_nano.a(lib_a-nano-vfprintf.o)
                0x000000000800d0a2                __sfputs_r
 *fill*         0x000000000800d0c6        0x2 
 .text._vfprintf_r
                0x000000000800d0c8      0x260 c:/st/stm32cubeide_1.11.2/stm32cubeide/plugins/com.st.stm32cube.ide.mcu.externaltools.gnu-tools-for-stm32.10.3-2021.10.win32_1.0.100.202210260954/tools/bin/../lib/gcc/arm-none-eabi/10.3.1/../../../../arm-none-eabi/lib/thumb/v7e-m+fp/hard\libc_nano.a(lib_a-nano-vfprintf.o)
                0x000000000800d0c8                _vfprintf_r
                0x000000000800d0c8                _vfiprintf_r
 .text._printf_common
                0x000000000800d328       0xda c:/st/stm32cubeide_1.11.2/stm32cubeide/plugins/com.st.stm32cube.ide.mcu.externaltools.gnu-tools-for-stm32.10.3-2021.10.win32_1.0.100.202210260954/tools/bin/../lib/gcc/arm-none-eabi/10.3.1/../../../../arm-none-eabi/lib/thumb/v7e-m+fp/hard\libc_nano.a(lib_a-nano-vfprintf_i.o)
                0x000000000800d328                _printf_common
 *fill*         0x000000000800d402        0x2 
 .text._printf_i
                0x000000000800d404      0x24c c:/st/stm32cubeide_1.11.2/stm32cubeide/plugins/com.st.stm32cube.ide.mcu.externaltools.gnu-tools-for-stm32.10.3-2021.10.win32_1.0.100.202210260954/tools/bin/../lib/gcc/arm-none-eabi/10.3.1/../../../../arm-none-eabi/lib/thumb/v7e-m+fp/hard\libc_nano.a(lib_a-nano-vfprintf_i.o)
                0x000000000800d404                _printf_i
 .text._sbrk_r  0x000000000800d650       0x20 c:/st/stm32cubeide_1.11.2/stm32cubeide/plugins/com.st.stm32cube.ide.mcu.externaltools.gnu-tools-for-stm32.10.3-2021.10.win32_1.0.100.202210260954/tools/bin/../lib/gcc/arm-none-eabi/10.3.1/../../../../arm-none-eabi/lib/thumb/v7e-m+fp/hard\libc_nano.a(lib_a-sbrkr.o)
                0x000000000800d650                _sbrk_r
 .text.__sread  0x000000000800d670       0x22 c:/st/stm32cubeide_1.11.2/stm32cubeide/plugins/com.st.stm32cube.ide.mcu.externaltools.gnu-tools-for-stm32.10.3-2021.10.win32_1.0.100.202210260954/tools/bin/../lib/gcc/arm-none-eabi/10.3.1/../../../../arm-none-eabi/lib/thumb/v7e-m+fp/hard\libc_nano.a(lib_a-stdio.o)
                0x000000000800d670                __sread
 .text.__swrite
                0x000000000800d692       0x38 c:/st/stm32cubeide_1.11.2/stm32cubeide/plugins/com.st.stm32cube.ide.mcu.externaltools.gnu-tools-for-stm32.10.3-2021.10.win32_1.0.100.202210260954/tools/bin/../lib/gcc/arm-none-eabi/10.3.1/../../../../arm-none-eabi/lib/thumb/v7e-m+fp/hard\libc_nano.a(lib_a-stdio.o)
                0x000000000800d692                __swrite
 .text.__sseek  0x000000000800d6ca       0x24 c:/st/stm32cubeide_1.11.2/stm32cubeide/plugins/com.st.stm32cube.ide.mcu.externaltools.gnu-tools-for-stm32.10.3-2021.10.win32_1.0.100.202210260954/tools/bin/../lib/gcc/arm-none-eabi/10.3.1/../../../../arm-none-eabi/lib/thumb/v7e-m+fp/hard\libc_nano.a(lib_a-stdio.o)
                0x000000000800d6ca                __sseek
 .text.__sclose
                0x000000000800d6ee        0x8 c:/st/stm32cubeide_1.11.2/stm32cubeide/plugins/com.st.stm32cube.ide.mcu.externaltools.gnu-tools-for-stm32.10.3-2021.10.win32_1.0.100.202210260954/tools/bin/../lib/gcc/arm-none-eabi/10.3.1/../../../../arm-none-eabi/lib/thumb/v7e-m+fp/hard\libc_nano.a(lib_a-stdio.o)
                0x000000000800d6ee                __sclose
 *fill*         0x000000000800d6f6        0x2 
 .text._write_r
                0x000000000800d6f8       0x24 c:/st/stm32cubeide_1.11.2/stm32cubeide/plugins/com.st.stm32cube.ide.mcu.externaltools.gnu-tools-for-stm32.10.3-2021.10.win32_1.0.100.202210260954/tools/bin/../lib/gcc/arm-none-eabi/10.3.1/../../../../arm-none-eabi/lib/thumb/v7e-m+fp/hard\libc_nano.a(lib_a-writer.o)
                0x000000000800d6f8                _write_r
 .text.abort    0x000000000800d71c        0xe c:/st/stm32cubeide_1.11.2/stm32cubeide/plugins/com.st.stm32cube.ide.mcu.externaltools.gnu-tools-for-stm32.10.3-2021.10.win32_1.0.100.202210260954/tools/bin/../lib/gcc/arm-none-eabi/10.3.1/../../../../arm-none-eabi/lib/thumb/v7e-m+fp/hard\libc_nano.a(lib_a-abort.o)
                0x000000000800d71c                abort
 *fill*         0x000000000800d72a        0x2 
 .text._close_r
                0x000000000800d72c       0x20 c:/st/stm32cubeide_1.11.2/stm32cubeide/plugins/com.st.stm32cube.ide.mcu.externaltools.gnu-tools-for-stm32.10.3-2021.10.win32_1.0.100.202210260954/tools/bin/../lib/gcc/arm-none-eabi/10.3.1/../../../../arm-none-eabi/lib/thumb/v7e-m+fp/hard\libc_nano.a(lib_a-closer.o)
                0x000000000800d72c                _close_r
 .text._fstat_r
                0x000000000800d74c       0x24 c:/st/stm32cubeide_1.11.2/stm32cubeide/plugins/com.st.stm32cube.ide.mcu.externaltools.gnu-tools-for-stm32.10.3-2021.10.win32_1.0.100.202210260954/tools/bin/../lib/gcc/arm-none-eabi/10.3.1/../../../../arm-none-eabi/lib/thumb/v7e-m+fp/hard\libc_nano.a(lib_a-fstatr.o)
                0x000000000800d74c                _fstat_r
 .text._isatty_r
                0x000000000800d770       0x20 c:/st/stm32cubeide_1.11.2/stm32cubeide/plugins/com.st.stm32cube.ide.mcu.externaltools.gnu-tools-for-stm32.10.3-2021.10.win32_1.0.100.202210260954/tools/bin/../lib/gcc/arm-none-eabi/10.3.1/../../../../arm-none-eabi/lib/thumb/v7e-m+fp/hard\libc_nano.a(lib_a-isattyr.o)
                0x000000000800d770                _isatty_r
 .text._lseek_r
                0x000000000800d790       0x24 c:/st/stm32cubeide_1.11.2/stm32cubeide/plugins/com.st.stm32cube.ide.mcu.externaltools.gnu-tools-for-stm32.10.3-2021.10.win32_1.0.100.202210260954/tools/bin/../lib/gcc/arm-none-eabi/10.3.1/../../../../arm-none-eabi/lib/thumb/v7e-m+fp/hard\libc_nano.a(lib_a-lseekr.o)
                0x000000000800d790                _lseek_r
 .text.memmove  0x000000000800d7b4       0x34 c:/st/stm32cubeide_1.11.2/stm32cubeide/plugins/com.st.stm32cube.ide.mcu.externaltools.gnu-tools-for-stm32.10.3-2021.10.win32_1.0.100.202210260954/tools/bin/../lib/gcc/arm-none-eabi/10.3.1/../../../../arm-none-eabi/lib/thumb/v7e-m+fp/hard\libc_nano.a(lib_a-memmove.o)
                0x000000000800d7b4                memmove
 .text.__malloc_lock
                0x000000000800d7e8        0xc c:/st/stm32cubeide_1.11.2/stm32cubeide/plugins/com.st.stm32cube.ide.mcu.externaltools.gnu-tools-for-stm32.10.3-2021.10.win32_1.0.100.202210260954/tools/bin/../lib/gcc/arm-none-eabi/10.3.1/../../../../arm-none-eabi/lib/thumb/v7e-m+fp/hard\libc_nano.a(lib_a-mlock.o)
                0x000000000800d7e8                __malloc_lock
 .text.__malloc_unlock
                0x000000000800d7f4        0xc c:/st/stm32cubeide_1.11.2/stm32cubeide/plugins/com.st.stm32cube.ide.mcu.externaltools.gnu-tools-for-stm32.10.3-2021.10.win32_1.0.100.202210260954/tools/bin/../lib/gcc/arm-none-eabi/10.3.1/../../../../arm-none-eabi/lib/thumb/v7e-m+fp/hard\libc_nano.a(lib_a-mlock.o)
                0x000000000800d7f4                __malloc_unlock
 .text._realloc_r
                0x000000000800d800       0x5e c:/st/stm32cubeide_1.11.2/stm32cubeide/plugins/com.st.stm32cube.ide.mcu.externaltools.gnu-tools-for-stm32.10.3-2021.10.win32_1.0.100.202210260954/tools/bin/../lib/gcc/arm-none-eabi/10.3.1/../../../../arm-none-eabi/lib/thumb/v7e-m+fp/hard\libc_nano.a(lib_a-nano-reallocr.o)
                0x000000000800d800                _realloc_r
 *fill*         0x000000000800d85e        0x2 
 .text._read_r  0x000000000800d860       0x24 c:/st/stm32cubeide_1.11.2/stm32cubeide/plugins/com.st.stm32cube.ide.mcu.externaltools.gnu-tools-for-stm32.10.3-2021.10.win32_1.0.100.202210260954/tools/bin/../lib/gcc/arm-none-eabi/10.3.1/../../../../arm-none-eabi/lib/thumb/v7e-m+fp/hard\libc_nano.a(lib_a-readr.o)
                0x000000000800d860                _read_r
 .text._raise_r
                0x000000000800d884       0x50 c:/st/stm32cubeide_1.11.2/stm32cubeide/plugins/com.st.stm32cube.ide.mcu.externaltools.gnu-tools-for-stm32.10.3-2021.10.win32_1.0.100.202210260954/tools/bin/../lib/gcc/arm-none-eabi/10.3.1/../../../../arm-none-eabi/lib/thumb/v7e-m+fp/hard\libc_nano.a(lib_a-signal.o)
                0x000000000800d884                _raise_r
 .text.raise    0x000000000800d8d4       0x10 c:/st/stm32cubeide_1.11.2/stm32cubeide/plugins/com.st.stm32cube.ide.mcu.externaltools.gnu-tools-for-stm32.10.3-2021.10.win32_1.0.100.202210260954/tools/bin/../lib/gcc/arm-none-eabi/10.3.1/../../../../arm-none-eabi/lib/thumb/v7e-m+fp/hard\libc_nano.a(lib_a-signal.o)
                0x000000000800d8d4                raise
 .text._kill_r  0x000000000800d8e4       0x24 c:/st/stm32cubeide_1.11.2/stm32cubeide/plugins/com.st.stm32cube.ide.mcu.externaltools.gnu-tools-for-stm32.10.3-2021.10.win32_1.0.100.202210260954/tools/bin/../lib/gcc/arm-none-eabi/10.3.1/../../../../arm-none-eabi/lib/thumb/v7e-m+fp/hard\libc_nano.a(lib_a-signalr.o)
                0x000000000800d8e4                _kill_r
 .text._getpid_r
                0x000000000800d908        0x4 c:/st/stm32cubeide_1.11.2/stm32cubeide/plugins/com.st.stm32cube.ide.mcu.externaltools.gnu-tools-for-stm32.10.3-2021.10.win32_1.0.100.202210260954/tools/bin/../lib/gcc/arm-none-eabi/10.3.1/../../../../arm-none-eabi/lib/thumb/v7e-m+fp/hard\libc_nano.a(lib_a-signalr.o)
                0x000000000800d908                _getpid_r
 .text._malloc_usable_size_r
                0x000000000800d90c       0x10 c:/st/stm32cubeide_1.11.2/stm32cubeide/plugins/com.st.stm32cube.ide.mcu.externaltools.gnu-tools-for-stm32.10.3-2021.10.win32_1.0.100.202210260954/tools/bin/../lib/gcc/arm-none-eabi/10.3.1/../../../../arm-none-eabi/lib/thumb/v7e-m+fp/hard\libc_nano.a(lib_a-nano-msizer.o)
                0x000000000800d90c                _malloc_usable_size_r
 *(.glue_7)
 .glue_7        0x000000000800d91c        0x0 linker stubs
 *(.glue_7t)
 .glue_7t       0x000000000800d91c        0x0 linker stubs
 *(.eh_frame)
 .eh_frame      0x000000000800d91c        0x0 c:/st/stm32cubeide_1.11.2/stm32cubeide/plugins/com.st.stm32cube.ide.mcu.externaltools.gnu-tools-for-stm32.10.3-2021.10.win32_1.0.100.202210260954/tools/bin/../lib/gcc/arm-none-eabi/10.3.1/thumb/v7e-m+fp/hard/crtbegin.o
 *(.init)
 .init          0x000000000800d91c        0x4 c:/st/stm32cubeide_1.11.2/stm32cubeide/plugins/com.st.stm32cube.ide.mcu.externaltools.gnu-tools-for-stm32.10.3-2021.10.win32_1.0.100.202210260954/tools/bin/../lib/gcc/arm-none-eabi/10.3.1/thumb/v7e-m+fp/hard/crti.o
                0x000000000800d91c                _init
 .init          0x000000000800d920        0x8 c:/st/stm32cubeide_1.11.2/stm32cubeide/plugins/com.st.stm32cube.ide.mcu.externaltools.gnu-tools-for-stm32.10.3-2021.10.win32_1.0.100.202210260954/tools/bin/../lib/gcc/arm-none-eabi/10.3.1/thumb/v7e-m+fp/hard/crtn.o
 *(.fini)
 .fini          0x000000000800d928        0x4 c:/st/stm32cubeide_1.11.2/stm32cubeide/plugins/com.st.stm32cube.ide.mcu.externaltools.gnu-tools-for-stm32.10.3-2021.10.win32_1.0.100.202210260954/tools/bin/../lib/gcc/arm-none-eabi/10.3.1/thumb/v7e-m+fp/hard/crti.o
                0x000000000800d928                _fini
 .fini          0x000000000800d92c        0x8 c:/st/stm32cubeide_1.11.2/stm32cubeide/plugins/com.st.stm32cube.ide.mcu.externaltools.gnu-tools-for-stm32.10.3-2021.10.win32_1.0.100.202210260954/tools/bin/../lib/gcc/arm-none-eabi/10.3.1/thumb/v7e-m+fp/hard/crtn.o
                0x000000000800d934                . = ALIGN (0x4)
                0x000000000800d934                _etext = .

.vfp11_veneer   0x000000000800d934        0x0
 .vfp11_veneer  0x000000000800d934        0x0 linker stubs

.v4_bx          0x000000000800d934        0x0
 .v4_bx         0x000000000800d934        0x0 linker stubs

.iplt           0x000000000800d934        0x0
 .iplt          0x000000000800d934        0x0 c:/st/stm32cubeide_1.11.2/stm32cubeide/plugins/com.st.stm32cube.ide.mcu.externaltools.gnu-tools-for-stm32.10.3-2021.10.win32_1.0.100.202210260954/tools/bin/../lib/gcc/arm-none-eabi/10.3.1/thumb/v7e-m+fp/hard/crtbegin.o

.rodata         0x000000000800d934      0xabc
                0x000000000800d934                . = ALIGN (0x4)
 *(.rodata)
 .rodata        0x000000000800d934        0xf ./Core/Src/Tareas.o
 *fill*         0x000000000800d943        0x1 
 .rodata        0x000000000800d944        0xc ./Core/Src/main.o
 .rodata        0x000000000800d950      0x40f ./Core/Src/web_server.o
 *fill*         0x000000000800dd5f        0x1 
 .rodata        0x000000000800dd60      0x4c2 ./LibWIFI/Src/es_wifi.o
 *fill*         0x000000000800e222        0x2 
 .rodata        0x000000000800e224        0x5 ./Middlewares/Third_Party/FreeRTOS/Source/tasks.o
 *fill*         0x000000000800e229        0x3 
 .rodata        0x000000000800e22c        0xd ./Middlewares/Third_Party/FreeRTOS/Source/timers.o
 *(.rodata*)
 *fill*         0x000000000800e239        0x3 
 .rodata.defaultTask_attributes
                0x000000000800e23c       0x24 ./Core/Src/main.o
                0x000000000800e23c                defaultTask_attributes
 .rodata.AHBPrescTable
                0x000000000800e260       0x10 ./Core/Src/system_stm32l4xx.o
                0x000000000800e260                AHBPrescTable
 .rodata.APBPrescTable
                0x000000000800e270        0x8 ./Core/Src/system_stm32l4xx.o
                0x000000000800e270                APBPrescTable
 .rodata.MSIRangeTable
                0x000000000800e278       0x30 ./Core/Src/system_stm32l4xx.o
                0x000000000800e278                MSIRangeTable
 .rodata._global_impure_ptr
                0x000000000800e2a8        0x4 c:/st/stm32cubeide_1.11.2/stm32cubeide/plugins/com.st.stm32cube.ide.mcu.externaltools.gnu-tools-for-stm32.10.3-2021.10.win32_1.0.100.202210260954/tools/bin/../lib/gcc/arm-none-eabi/10.3.1/../../../../arm-none-eabi/lib/thumb/v7e-m+fp/hard\libc_nano.a(lib_a-impure.o)
                0x000000000800e2a8                _global_impure_ptr
 .rodata.strtok.str1.1
                0x000000000800e2ac       0x74 c:/st/stm32cubeide_1.11.2/stm32cubeide/plugins/com.st.stm32cube.ide.mcu.externaltools.gnu-tools-for-stm32.10.3-2021.10.win32_1.0.100.202210260954/tools/bin/../lib/gcc/arm-none-eabi/10.3.1/../../../../arm-none-eabi/lib/thumb/v7e-m+fp/hard\libc_nano.a(lib_a-strtok.o)
 .rodata.__assert_func.str1.1
                0x000000000800e320       0x3c c:/st/stm32cubeide_1.11.2/stm32cubeide/plugins/com.st.stm32cube.ide.mcu.externaltools.gnu-tools-for-stm32.10.3-2021.10.win32_1.0.100.202210260954/tools/bin/../lib/gcc/arm-none-eabi/10.3.1/../../../../arm-none-eabi/lib/thumb/v7e-m+fp/hard\libc_nano.a(lib_a-assert.o)
                                         0x3d (size before relaxing)
 .rodata.__sf_fake_stderr
                0x000000000800e35c       0x20 c:/st/stm32cubeide_1.11.2/stm32cubeide/plugins/com.st.stm32cube.ide.mcu.externaltools.gnu-tools-for-stm32.10.3-2021.10.win32_1.0.100.202210260954/tools/bin/../lib/gcc/arm-none-eabi/10.3.1/../../../../arm-none-eabi/lib/thumb/v7e-m+fp/hard\libc_nano.a(lib_a-findfp.o)
                0x000000000800e35c                __sf_fake_stderr
 .rodata.__sf_fake_stdin
                0x000000000800e37c       0x20 c:/st/stm32cubeide_1.11.2/stm32cubeide/plugins/com.st.stm32cube.ide.mcu.externaltools.gnu-tools-for-stm32.10.3-2021.10.win32_1.0.100.202210260954/tools/bin/../lib/gcc/arm-none-eabi/10.3.1/../../../../arm-none-eabi/lib/thumb/v7e-m+fp/hard\libc_nano.a(lib_a-findfp.o)
                0x000000000800e37c                __sf_fake_stdin
 .rodata.__sf_fake_stdout