../Core/Src/main.c:96:5:main	8	static
../Core/Src/main.c:186:6:SystemClock_Config	96	static
../Core/Src/main.c:246:6:PeriphCommonClock_Config	144	static
../Core/Src/main.c:273:13:MX_ADC1_Init	48	static
../Core/Src/main.c:340:13:MX_DFSDM1_Init	8	static
../Core/Src/main.c:378:13:MX_I2C1_Init	8	static
../Core/Src/main.c:426:13:MX_I2C2_Init	8	static
../Core/Src/main.c:474:13:MX_QUADSPI_Init	8	static
../Core/Src/main.c:507:13:MX_SPI3_Init	8	static
../Core/Src/main.c:547:13:MX_USART3_UART_Init	8	static
../Core/Src/main.c:582:13:MX_USB_OTG_FS_PCD_Init	8	static
../Core/Src/main.c:617:13:MX_GPIO_Init	48	static
../Core/Src/main.c:801:6:StartDefaultTask	16	static
../Core/Src/main.c:816:6:Error_Handler	4	static,ignoring_inline_asm
