../Core/Src/main.c:96:5:main	8	static
../Core/Src/main.c:184:6:SystemClock_Config	96	static
../Core/Src/main.c:244:6:PeriphCommonClock_Config	144	static
../Core/Src/main.c:271:13:MX_ADC1_Init	48	static
../Core/Src/main.c:338:13:MX_DFSDM1_Init	8	static
../Core/Src/main.c:376:13:MX_I2C1_Init	8	static
../Core/Src/main.c:424:13:MX_I2C2_Init	8	static
../Core/Src/main.c:472:13:MX_QUADSPI_Init	8	static
../Core/Src/main.c:505:13:MX_SPI3_Init	8	static
../Core/Src/main.c:545:13:MX_USART3_UART_Init	8	static
../Core/Src/main.c:580:13:MX_USB_OTG_FS_PCD_Init	8	static
../Core/Src/main.c:615:13:MX_GPIO_Init	48	static
../Core/Src/main.c:799:6:StartDefaultTask	16	static
../Core/Src/main.c:814:6:Error_Handler	4	static,ignoring_inline_asm
